.emotion-0 {
  display: -webkit-box;
  display: -webkit-flex;
  display: -ms-flexbox;
  display: flex;
  -webkit-flex-direction: row;
  -ms-flex-direction: row;
  flex-direction: row;
  -webkit-box-flex-wrap: wrap;
  -webkit-flex-wrap: wrap;
  -ms-flex-wrap: wrap;
  flex-wrap: wrap;
}

.emotion-1 {
  opacity: 1;
  -webkit-box-pack: center;
  -ms-flex-pack: center;
  -webkit-justify-content: center;
  justify-content: center;
  -webkit-align-items: center;
  -webkit-box-align: center;
  -ms-flex-align: center;
  align-items: center;
  display: -webkit-box;
  display: -webkit-flex;
  display: -ms-flexbox;
  display: flex;
}

.emotion-2 {
  border-radius: 100%;
  display: -webkit-box;
  display: -webkit-flex;
  display: -ms-flexbox;
  display: flex;
  width: 3rem;
  height: 3rem;
  -webkit-box-pack: center;
  -ms-flex-pack: center;
  -webkit-justify-content: center;
  justify-content: center;
  -webkit-align-items: center;
  -webkit-box-align: center;
  -ms-flex-align: center;
  align-items: center;
  position: relative;
}

.emotion-2:before {
  display: none;
  border-radius: 100%;
  -webkit-transition: all 0.2s;
  transition: all 0.2s;
  content: ' ';
  width: 3rem;
  height: 3rem;
  position: absolute;
}

.emotion-2:hover:before {
  display: block;
  background: rgba(0, 0, 0, 0.05);
}

.emotion-3 {
  border: 0;
  border-radius: 0.125rem;
  width: 1.5rem;
  height: 1.5rem;
  position: absolute;
  opacity: 0;
}

.emotion-3+label {
  position: relative;
  cursor: pointer;
  padding: 0;
}

.emotion-3+label:before {
  content: '';
  -webkit-transition: all 0.2s;
  transition: all 0.2s;
  display: inline-block;
  vertical-align: text-top;
  width: 1.5rem;
  height: 1.5rem;
  background: #b7c3d8;
  border-radius: 0.25rem;
}

.emotion-3:disabled+label {
  cursor: not-allowed;
}

.emotion-4 span {
  padding: 0;
}

.emotion-4 svg {
  position: absolute;
  top: 0;
  display: none;
}

.emotion-5 {
  padding: 0.125rem;
  display: -webkit-box;
  display: -webkit-flex;
  display: -ms-flexbox;
  display: flex;
  -webkit-align-items: center;
  -webkit-box-align: center;
  -ms-flex-align: center;
  align-items: center;
  -webkit-box-pack: center;
  -ms-flex-pack: center;
  -webkit-justify-content: center;
  justify-content: center;
}

.emotion-6 {
  fill: white;
  width: 1.5rem;
  height: 1.5rem;
}

.emotion-6 * {
  fill: white;
}

.emotion-7 {
  padding-left: 0.25rem;
  font-size: 0.9375rem;
  font-weight: 400;
  color: #191927;
  white-space: nowrap;
}

.emotion-10 {
  border: 0;
  border-radius: 0.125rem;
  width: 1.5rem;
  height: 1.5rem;
  position: absolute;
  opacity: 0;
}

.emotion-10+label {
  position: relative;
  cursor: pointer;
  padding: 0;
}

.emotion-10+label:before {
  content: '';
  -webkit-transition: all 0.2s;
  transition: all 0.2s;
  display: inline-block;
  vertical-align: text-top;
  width: 1.5rem;
  height: 1.5rem;
  background: #175bf5;
  border-radius: 0.25rem;
}

.emotion-10:disabled+label {
  cursor: not-allowed;
}

.emotion-11 span {
  padding: 0;
}

.emotion-11 svg {
  position: absolute;
  top: 0;
  display: block;
}

.emotion-15 {
  opacity: 0.3;
  -webkit-box-pack: center;
  -ms-flex-pack: center;
  -webkit-justify-content: center;
  justify-content: center;
  -webkit-align-items: center;
  -webkit-box-align: center;
  -ms-flex-align: center;
  align-items: center;
  display: -webkit-box;
  display: -webkit-flex;
  display: -ms-flexbox;
  display: flex;
}

.emotion-16 {
  border-radius: 100%;
  display: -webkit-box;
  display: -webkit-flex;
  display: -ms-flexbox;
  display: flex;
  width: 3rem;
  height: 3rem;
  -webkit-box-pack: center;
  -ms-flex-pack: center;
  -webkit-justify-content: center;
  justify-content: center;
  -webkit-align-items: center;
  -webkit-box-align: center;
  -ms-flex-align: center;
  align-items: center;
  position: relative;
}

.emotion-16:before {
  display: none;
  border-radius: 100%;
  -webkit-transition: all 0.2s;
  transition: all 0.2s;
  content: ' ';
  width: 3rem;
  height: 3rem;
  position: absolute;
}

.emotion-53 {
  border: 0;
  border-radius: 0.125rem;
  width: 1.5rem;
  height: 1.5rem;
  position: absolute;
  opacity: 0;
}

.emotion-53+label {
  position: relative;
  cursor: pointer;
  padding: 0;
}

.emotion-53+label:before {
  content: '';
  -webkit-transition: all 0.2s;
  transition: all 0.2s;
  display: inline-block;
  vertical-align: text-top;
  width: 1.5rem;
  height: 1.5rem;
  background: inherit;
  box-shadow: inset 0px 0px 0px 0.125rem #b7c3d8;
  border-radius: 0.25rem;
}

.emotion-53:disabled+label {
  cursor: not-allowed;
}

<div>
  <div>
    <div
      class="emotion-0"
    >
      <div
        style="margin: 5px;"
      >
        <span
          class="emotion-1"
        >
          <span
            class="emotion-2"
          >
            <input
              class="emotion-3"
              data-testid="checkbox"
              id="styled-checkbox-_00"
              type="checkbox"
            />
            <label
              class="emotion-4"
              for="styled-checkbox-_00"
            >
              <span
                class="emotion-5"
              >
                <svg
                  class="emotion-6"
                  viewBox="0 0 24 24"
                  xmlns="http://www.w3.org/2000/svg"
                  xmlns:xlink="http://www.w3.org/1999/xlink"
                >
                  <g
                    fill="none"
                    fill-rule="evenodd"
                    id="\\uD83D\\uDD36-Symbols"
                    stroke="none"
                    stroke-width="1"
                  >
                    <g
                      id="Checkmark"
                    >
                      <path
                        d="M16.1742639,3.56546017 L17.5665405,4.95773677 L9.21853983,13.3054602 L14.0871995,18.1742639 L12.6949229,19.5665405 L6.43453983,13.3061575 L6.43653983,13.3044602 L6.43589028,13.3038338 L16.1742639,3.56546017 Z"
                        transform="translate(12.000540, 11.566000) scale(-1, 1) rotate(-90.000000) translate(-12.000540, -11.566000)"
                      />
                    </g>
                  </g>
                </svg>
              </span>
            </label>
          </span>
          <span
            class="emotion-7"
          >
            Not checked single
          </span>
        </span>
      </div>
      <div
        style="margin: 5px;"
      >
        <span
          class="emotion-1"
        >
          <span
            class="emotion-2"
          >
            <input
              checked=""
              class="emotion-10"
              data-testid="checkbox"
              id="styled-checkbox-_00"
              type="checkbox"
            />
            <label
              class="emotion-11"
              for="styled-checkbox-_00"
            >
              <span
                class="emotion-5"
              >
                <svg
                  class="emotion-6"
                  viewBox="0 0 24 24"
                  xmlns="http://www.w3.org/2000/svg"
                  xmlns:xlink="http://www.w3.org/1999/xlink"
                >
                  <g
                    fill="none"
                    fill-rule="evenodd"
                    id="\\uD83D\\uDD36-Symbols"
                    stroke="none"
                    stroke-width="1"
                  >
                    <g
                      id="Checkmark"
                    >
                      <path
                        d="M16.1742639,3.56546017 L17.5665405,4.95773677 L9.21853983,13.3054602 L14.0871995,18.1742639 L12.6949229,19.5665405 L6.43453983,13.3061575 L6.43653983,13.3044602 L6.43589028,13.3038338 L16.1742639,3.56546017 Z"
                        transform="translate(12.000540, 11.566000) scale(-1, 1) rotate(-90.000000) translate(-12.000540, -11.566000)"
                      />
                    </g>
                  </g>
                </svg>
              </span>
            </label>
          </span>
          <span
            class="emotion-7"
          >
            Checked Single
          </span>
        </span>
      </div>
      <div
        style="margin: 5px;"
      >
        <span
          class="emotion-15"
        >
          <span
            class="emotion-16"
          >
            <input
              checked=""
              class="emotion-10"
              data-testid="checkbox"
              disabled=""
              id="styled-checkbox-_00"
              type="checkbox"
            />
            <label
              class="emotion-11"
              for="styled-checkbox-_00"
            >
              <span
                class="emotion-5"
              >
                <svg
                  class="emotion-6"
                  viewBox="0 0 24 24"
                  xmlns="http://www.w3.org/2000/svg"
                  xmlns:xlink="http://www.w3.org/1999/xlink"
                >
                  <g
                    fill="none"
                    fill-rule="evenodd"
                    id="\\uD83D\\uDD36-Symbols"
                    stroke="none"
                    stroke-width="1"
                  >
                    <g
                      id="Checkmark"
                    >
                      <path
                        d="M16.1742639,3.56546017 L17.5665405,4.95773677 L9.21853983,13.3054602 L14.0871995,18.1742639 L12.6949229,19.5665405 L6.43453983,13.3061575 L6.43653983,13.3044602 L6.43589028,13.3038338 L16.1742639,3.56546017 Z"
                        transform="translate(12.000540, 11.566000) scale(-1, 1) rotate(-90.000000) translate(-12.000540, -11.566000)"
                      />
                    </g>
                  </g>
                </svg>
              </span>
            </label>
          </span>
          <span
            class="emotion-7"
          >
            Disabled single
          </span>
        </span>
      </div>
      <div
        style="margin: 5px;"
      >
        <span
          class="emotion-1"
        >
          <span
            class="emotion-2"
          >
            <input
              checked=""
              class="emotion-10"
              data-testid="checkbox"
              id="styled-checkbox-_00"
              type="checkbox"
            />
            <label
              class="emotion-11"
              for="styled-checkbox-_00"
            >
              <span
                class="emotion-5"
              >
                <svg
                  class="emotion-6"
                  viewBox="0 0 24 24"
                  xmlns="http://www.w3.org/2000/svg"
                  xmlns:xlink="http://www.w3.org/1999/xlink"
                >
                  <g
                    fill="none"
                    fill-rule="evenodd"
                    id="\\uD83D\\uDD36-Symbols"
                    stroke="none"
                    stroke-width="1"
                  >
                    <g
                      id="Minus"
                    >
                      <rect
                        height="2"
                        id="minus"
                        width="16"
                        x="4"
                        y="11"
                      />
                    </g>
                  </g>
                </svg>
              </span>
            </label>
          </span>
          <span
            class="emotion-7"
          >
            Checked intermediate
          </span>
        </span>
      </div>
      <div
        style="margin: 5px;"
      >
        <span
          class="emotion-15"
        >
          <span
            class="emotion-16"
          >
            <input
              checked=""
              class="emotion-10"
              data-testid="checkbox"
              disabled=""
              id="styled-checkbox-_00"
              type="checkbox"
            />
            <label
              class="emotion-11"
              for="styled-checkbox-_00"
            >
              <span
                class="emotion-5"
              >
                <svg
                  class="emotion-6"
                  viewBox="0 0 24 24"
                  xmlns="http://www.w3.org/2000/svg"
                  xmlns:xlink="http://www.w3.org/1999/xlink"
                >
                  <g
                    fill="none"
                    fill-rule="evenodd"
                    id="\\uD83D\\uDD36-Symbols"
                    stroke="none"
                    stroke-width="1"
                  >
                    <g
                      id="Minus"
                    >
                      <rect
                        height="2"
                        id="minus"
                        width="16"
                        x="4"
                        y="11"
                      />
                    </g>
                  </g>
                </svg>
              </span>
            </label>
          </span>
          <span
            class="emotion-7"
          >
            Disabled checked intermediate
          </span>
        </span>
      </div>
      <div
        style="margin: 5px;"
      >
        <span
          class="emotion-1"
        >
          <span
            class="emotion-2"
          >
            <input
              class="emotion-3"
              data-testid="checkbox"
              id="styled-checkbox-_00"
              type="checkbox"
            />
            <label
              class="emotion-4"
              for="styled-checkbox-_00"
            >
              <span
                class="emotion-5"
              >
                <svg
                  class="emotion-6"
                  viewBox="0 0 24 24"
                  xmlns="http://www.w3.org/2000/svg"
                  xmlns:xlink="http://www.w3.org/1999/xlink"
                >
                  <g
                    fill="none"
                    fill-rule="evenodd"
                    id="\\uD83D\\uDD36-Symbols"
                    stroke="none"
                    stroke-width="1"
                  >
                    <g
                      id="Minus"
                    >
                      <rect
                        height="2"
                        id="minus"
                        width="16"
                        x="4"
                        y="11"
                      />
                    </g>
                  </g>
                </svg>
              </span>
            </label>
          </span>
          <span
            class="emotion-7"
          >
            Not checked intermediate
          </span>
        </span>
      </div>
      <div
        style="margin: 5px;"
      >
        <span
          class="emotion-15"
        >
          <span
            class="emotion-16"
          >
            <input
              class="emotion-3"
              data-testid="checkbox"
              disabled=""
              id="styled-checkbox-_00"
              type="checkbox"
            />
            <label
              class="emotion-4"
              for="styled-checkbox-_00"
            >
              <span
                class="emotion-5"
              >
                <svg
                  class="emotion-6"
                  viewBox="0 0 24 24"
                  xmlns="http://www.w3.org/2000/svg"
                  xmlns:xlink="http://www.w3.org/1999/xlink"
                >
                  <g
                    fill="none"
                    fill-rule="evenodd"
                    id="\\uD83D\\uDD36-Symbols"
                    stroke="none"
                    stroke-width="1"
                  >
                    <g
                      id="Minus"
                    >
                      <rect
                        height="2"
                        id="minus"
                        width="16"
                        x="4"
                        y="11"
                      />
                    </g>
                  </g>
                </svg>
              </span>
            </label>
          </span>
          <span
            class="emotion-7"
          >
            Disabled not checked intermediate
          </span>
        </span>
      </div>
    </div>
    <div
      class="emotion-0"
    >
      <div
        style="margin: 5px;"
      >
        <span
          class="emotion-1"
        >
          <span
            class="emotion-2"
          >
            <input
              class="emotion-53"
              data-testid="checkbox"
              id="styled-checkbox-_00"
              type="checkbox"
            />
            <label
              class="emotion-4"
              for="styled-checkbox-_00"
            >
              <span
                class="emotion-5"
              >
                <svg
                  class="emotion-6"
                  viewBox="0 0 24 24"
                  xmlns="http://www.w3.org/2000/svg"
                  xmlns:xlink="http://www.w3.org/1999/xlink"
                >
                  <g
                    fill="none"
                    fill-rule="evenodd"
                    id="\\uD83D\\uDD36-Symbols"
                    stroke="none"
                    stroke-width="1"
                  >
                    <g
                      id="Checkmark"
                    >
                      <path
                        d="M16.1742639,3.56546017 L17.5665405,4.95773677 L9.21853983,13.3054602 L14.0871995,18.1742639 L12.6949229,19.5665405 L6.43453983,13.3061575 L6.43653983,13.3044602 L6.43589028,13.3038338 L16.1742639,3.56546017 Z"
                        transform="translate(12.000540, 11.566000) scale(-1, 1) rotate(-90.000000) translate(-12.000540, -11.566000)"
                      />
                    </g>
                  </g>
                </svg>
              </span>
            </label>
          </span>
          <span
            class="emotion-7"
          >
            Not checked single
          </span>
        </span>
      </div>
      <div
        style="margin: 5px;"
      >
        <span
          class="emotion-1"
        >
          <span
            class="emotion-2"
          >
            <input
              checked=""
              class="emotion-10"
              data-testid="checkbox"
              id="styled-checkbox-_00"
              type="checkbox"
            />
            <label
              class="emotion-11"
              for="styled-checkbox-_00"
            >
              <span
                class="emotion-5"
              >
                <svg
                  class="emotion-6"
                  viewBox="0 0 24 24"
                  xmlns="http://www.w3.org/2000/svg"
                  xmlns:xlink="http://www.w3.org/1999/xlink"
                >
                  <g
                    fill="none"
                    fill-rule="evenodd"
                    id="\\uD83D\\uDD36-Symbols"
                    stroke="none"
                    stroke-width="1"
                  >
                    <g
                      id="Checkmark"
                    >
                      <path
                        d="M16.1742639,3.56546017 L17.5665405,4.95773677 L9.21853983,13.3054602 L14.0871995,18.1742639 L12.6949229,19.5665405 L6.43453983,13.3061575 L6.43653983,13.3044602 L6.43589028,13.3038338 L16.1742639,3.56546017 Z"
                        transform="translate(12.000540, 11.566000) scale(-1, 1) rotate(-90.000000) translate(-12.000540, -11.566000)"
                      />
                    </g>
                  </g>
                </svg>
              </span>
            </label>
          </span>
          <span
            class="emotion-7"
          >
            Checked Single
          </span>
        </span>
      </div>
      <div
        style="margin: 5px;"
      >
        <span
          class="emotion-15"
        >
          <span
            class="emotion-16"
          >
            <input
              checked=""
              class="emotion-10"
              data-testid="checkbox"
              disabled=""
              id="styled-checkbox-_00"
              type="checkbox"
            />
            <label
              class="emotion-11"
              for="styled-checkbox-_00"
            >
              <span
                class="emotion-5"
              >
                <svg
                  class="emotion-6"
                  viewBox="0 0 24 24"
                  xmlns="http://www.w3.org/2000/svg"
                  xmlns:xlink="http://www.w3.org/1999/xlink"
                >
                  <g
                    fill="none"
                    fill-rule="evenodd"
                    id="\\uD83D\\uDD36-Symbols"
                    stroke="none"
                    stroke-width="1"
                  >
                    <g
                      id="Checkmark"
                    >
                      <path
                        d="M16.1742639,3.56546017 L17.5665405,4.95773677 L9.21853983,13.3054602 L14.0871995,18.1742639 L12.6949229,19.5665405 L6.43453983,13.3061575 L6.43653983,13.3044602 L6.43589028,13.3038338 L16.1742639,3.56546017 Z"
                        transform="translate(12.000540, 11.566000) scale(-1, 1) rotate(-90.000000) translate(-12.000540, -11.566000)"
                      />
                    </g>
                  </g>
                </svg>
              </span>
            </label>
          </span>
          <span
            class="emotion-7"
          >
            Disabled single
          </span>
        </span>
      </div>
      <div
        style="margin: 5px;"
      >
        <span
          class="emotion-1"
        >
          <span
            class="emotion-2"
          >
            <input
              checked=""
              class="emotion-10"
              data-testid="checkbox"
              id="styled-checkbox-_00"
              type="checkbox"
            />
            <label
              class="emotion-11"
              for="styled-checkbox-_00"
            >
              <span
                class="emotion-5"
              >
                <svg
                  class="emotion-6"
                  viewBox="0 0 24 24"
                  xmlns="http://www.w3.org/2000/svg"
                  xmlns:xlink="http://www.w3.org/1999/xlink"
                >
                  <g
                    fill="none"
                    fill-rule="evenodd"
                    id="\\uD83D\\uDD36-Symbols"
                    stroke="none"
                    stroke-width="1"
                  >
                    <g
                      id="Minus"
                    >
                      <rect
                        height="2"
                        id="minus"
                        width="16"
                        x="4"
                        y="11"
                      />
                    </g>
                  </g>
                </svg>
              </span>
            </label>
          </span>
          <span
            class="emotion-7"
          >
            Checked intermediate
          </span>
        </span>
      </div>
      <div
        style="margin: 5px;"
      >
        <span
          class="emotion-15"
        >
          <span
            class="emotion-16"
          >
            <input
              checked=""
              class="emotion-10"
              data-testid="checkbox"
              disabled=""
              id="styled-checkbox-_00"
              type="checkbox"
            />
            <label
              class="emotion-11"
              for="styled-checkbox-_00"
            >
              <span
                class="emotion-5"
              >
                <svg
                  class="emotion-6"
                  viewBox="0 0 24 24"
                  xmlns="http://www.w3.org/2000/svg"
                  xmlns:xlink="http://www.w3.org/1999/xlink"
                >
                  <g
                    fill="none"
                    fill-rule="evenodd"
                    id="\\uD83D\\uDD36-Symbols"
                    stroke="none"
                    stroke-width="1"
                  >
                    <g
                      id="Minus"
                    >
                      <rect
                        height="2"
                        id="minus"
                        width="16"
                        x="4"
                        y="11"
                      />
                    </g>
                  </g>
                </svg>
              </span>
            </label>
          </span>
          <span
            class="emotion-7"
          >
            Disabled checked intermediate
          </span>
        </span>
      </div>
      <div
        style="margin: 5px;"
      >
        <span
          class="emotion-1"
        >
          <span
            class="emotion-2"
          >
            <input
              class="emotion-53"
              data-testid="checkbox"
              id="styled-checkbox-_00"
              type="checkbox"
            />
            <label
              class="emotion-4"
              for="styled-checkbox-_00"
            >
              <span
                class="emotion-5"
              >
                <svg
                  class="emotion-6"
                  viewBox="0 0 24 24"
                  xmlns="http://www.w3.org/2000/svg"
                  xmlns:xlink="http://www.w3.org/1999/xlink"
                >
                  <g
                    fill="none"
                    fill-rule="evenodd"
                    id="\\uD83D\\uDD36-Symbols"
                    stroke="none"
                    stroke-width="1"
                  >
                    <g
                      id="Minus"
                    >
                      <rect
                        height="2"
                        id="minus"
                        width="16"
                        x="4"
                        y="11"
                      />
                    </g>
                  </g>
                </svg>
              </span>
            </label>
          </span>
          <span
            class="emotion-7"
          >
            Not checked intermediate
          </span>
        </span>
      </div>
      <div
        style="margin: 5px;"
      >
        <span
          class="emotion-15"
        >
          <span
            class="emotion-16"
          >
            <input
              class="emotion-53"
              data-testid="checkbox"
              disabled=""
              id="styled-checkbox-_00"
              type="checkbox"
            />
            <label
              class="emotion-4"
              for="styled-checkbox-_00"
            >
              <span
                class="emotion-5"
              >
                <svg
                  class="emotion-6"
                  viewBox="0 0 24 24"
                  xmlns="http://www.w3.org/2000/svg"
                  xmlns:xlink="http://www.w3.org/1999/xlink"
                >
                  <g
                    fill="none"
                    fill-rule="evenodd"
                    id="\\uD83D\\uDD36-Symbols"
                    stroke="none"
                    stroke-width="1"
                  >
                    <g
                      id="Minus"
                    >
                      <rect
                        height="2"
                        id="minus"
                        width="16"
                        x="4"
                        y="11"
                      />
                    </g>
                  </g>
                </svg>
              </span>
            </label>
          </span>
          <span
            class="emotion-7"
          >
            Disabled not checked intermediate
          </span>
        </span>
      </div>
    </div>
  </div>
</div>