.emotion-0 {
  display: -webkit-box;
  display: -webkit-flex;
  display: -ms-flexbox;
  display: flex;
  -webkit-flex-direction: row;
  -ms-flex-direction: row;
  flex-direction: row;
  -webkit-box-flex-wrap: wrap;
  -webkit-flex-wrap: wrap;
  -ms-flex-wrap: wrap;
  flex-wrap: wrap;
}

.emotion-1 {
  display: -webkit-box;
  display: -moz-box;
  display: -ms-flexbox;
  display: -webkit-box;
  display: -webkit-flex;
  display: -ms-flexbox;
  display: flex;
  -webkit-align-items: center;
  -moz-box-align: center;
  -ms-flex-align: center;
  -webkit-align-items: center;
  -webkit-box-align: center;
  -ms-flex-align: center;
  align-items: center;
  height: 1.5rem;
  border-radius: 1.5rem;
  font-size: 0.75rem;
  font-weight: 500;
  line-height: normal;
  box-sizing: border-box;
  padding: 0.25rem 0.5rem;
  background-color: #ffe7f0;
  color: black;
  border: 0.0625rem solid #e51460;
  cursor: auto;
  width: -webkit-fit-content;
  width: -moz-fit-content;
  width: fit-content;
  -webkit-transition: background-color 150ms linear;
  transition: background-color 150ms linear;
}

.emotion-1:hover:not(:disabled) {
  background: #ffd0e1;
}

.emotion-1:focus-visible:not(:disabled) {
  outline: none;
}

.emotion-1>:not(:last-child) {
  margin-right: 0.25rem;
}

.emotion-3>div {
  width: 1rem;
  height: 1rem;
}

.emotion-4 {
  display: -webkit-box;
  display: -moz-box;
  display: -ms-flexbox;
  display: -webkit-box;
  display: -webkit-flex;
  display: -ms-flexbox;
  display: flex;
  width: 1.25rem;
  height: 1.25rem;
  border-radius: 6.25rem;
  border: 0.0625rem solid;
  border-color: #b9cdfc;
  box-sizing: border-box;
  background-color: #e7eefe;
  color: #1249C4;
  overflow: hidden;
  position: relative;
  -webkit-align-items: center;
  -webkit-box-align: center;
  -ms-flex-align: center;
  align-items: center;
  -webkit-flex-shrink: 0;
  -ms-flex-negative: 0;
  flex-shrink: 0;
  -webkit-user-select: none;
  -moz-user-select: none;
  -ms-user-select: none;
  user-select: none;
  -webkit-box-pack: center;
  -ms-flex-pack: center;
  -webkit-justify-content: center;
  justify-content: center;
  font-family: Roboto;
  font-weight: 500;
  line-height: 0.875rem;
  font-size: 0.625rem;
  letter-spacing: 0.00625rem;
}

.emotion-4 img {
  border-radius: 6.25rem;
  width: 100%;
  height: 100%;
}

<div>
  <div
    class="emotion-0"
  >
    <div
      style="margin: 5px;"
    >
      <div
        aria-readonly="true"
        class="emotion-1"
        data-testid="chip"
      >
        <div
          aria-label="chip__00"
        >
          Label
        </div>
      </div>
    </div>
    <div
      style="margin: 5px;"
    >
      <div
        aria-readonly="true"
        class="emotion-1"
        data-testid="chip"
      >
        <div
          class="emotion-3"
        >
          <div
            class="emotion-4"
            data-testid="chip_avatar"
          >
            KN
          </div>
        </div>
        <div
          aria-label="chip__00"
        >
          Label
        </div>
      </div>
    </div>
    <div
      style="margin: 5px;"
    >
      <div
        aria-readonly="true"
        class="emotion-1"
        data-testid="chip"
      >
        <div
          class="emotion-3"
        >
          <div
            class="emotion-4"
            data-testid="chip_avatar"
          >
            <img
              src="https://mui.com/static/images/avatar/1.jpg"
            />
          </div>
        </div>
        <div
          aria-label="chip__00"
        >
          Label
        </div>
      </div>
    </div>
  </div>
</div>