.emotion-0 {
  width: 100%;
  border-collapse: collapse;
  table-layout: fixed;
}

.emotion-1 {
  padding-top: 0.25rem;
  padding-bottom: 0.25rem;
}

.emotion-2 {
  position: relative;
  text-align: left;
  padding: 0.25rem 0.5rem;
  width: 50px;
  padding-top: 0.5rem;
  padding-bottom: 0.5rem;
  font-weight: 700;
  font-size: 0.875rem;
}

.emotion-3 {
  display: -webkit-box;
  display: -webkit-flex;
  display: -ms-flexbox;
  display: flex;
  -webkit-flex-direction: row;
  -ms-flex-direction: row;
  flex-direction: row;
  -webkit-align-items: center;
  -webkit-box-align: center;
  -ms-flex-align: center;
  align-items: center;
  gap: 0.75rem;
}

.emotion-4 {
  display: block;
  cursor: pointer;
  position: relative;
}

.emotion-4>div {
  -webkit-transition: all 0.2s;
  transition: all 0.2s;
  width: 1.25rem;
  height: 1.25rem;
  -webkit-align-items: center;
  -webkit-box-align: center;
  -ms-flex-align: center;
  align-items: center;
  box-sizing: border-box;
  border: 0.125rem solid #8EAAEC;
  border-radius: 0.25rem;
}

.emotion-4 svg {
  visibility: hidden;
  opacity: 0;
}

.emotion-4:hover,
.emotion-4[data-focus-visible='true'] {
  -webkit-transition: all 0.2s;
  transition: all 0.2s;
  background: rgba(200,206,255,0.20);
  box-shadow: 0px 0px 0px 8px rgba(200,206,255,0.20);
  border-radius: 100%;
}

.emotion-4[data-selected='true']>div,
.emotion-4[data-indeterminate='true']>div {
  -webkit-transition: all 0.2s;
  transition: all 0.2s;
  border-color: rgba(200,206,255,0);
  background: #175BF5;
}

.emotion-4[data-selected='true'] svg,
.emotion-4[data-indeterminate='true'] svg {
  visibility: visible;
  opacity: 1;
  -webkit-transition: all 0.2s;
  transition: all 0.2s;
}

.emotion-4[data-disabled='true'] {
  opacity: 50%;
  cursor: not-allowed;
}

.emotion-4[data-disabled='true']:hover {
  background: none;
  box-shadow: none;
}

.emotion-5 {
  width: 1.25rem;
  height: 1.25rem;
  display: -webkit-box;
  display: -webkit-flex;
  display: -ms-flexbox;
  display: flex;
}

.emotion-6 {
  width: 1.25rem;
  height: 1.25rem;
}

.emotion-6 path {
  fill: #ffffff!important;
}

.emotion-7 {
  position: relative;
  text-align: left;
  padding: 0.25rem 0.5rem;
}

.emotion-8 {
  position: relative;
  text-align: right;
  padding: 0.25rem 0.5rem;
}

.emotion-9 {
  width: 100%;
  border-collapse: collapse;
  table-layout: fixed;
}

.emotion-10 {
  padding-top: 0.25rem;
  padding-bottom: 0.25rem;
  padding-top: 1rem;
  padding-bottom: 1rem;
  border-bottom-width: 0.0625rem;
  border-bottom-style: solid;
  border-bottom-color: rgba(200,206,255,0.70);
}

.emotion-10 th:last-child {
  padding-right: 1rem;
}

.emotion-12 {
  position: relative;
  text-align: left;
  padding: 0.25rem 0.5rem;
  width: initial;
  padding-top: 0.5rem;
  padding-bottom: 0.5rem;
  font-weight: 700;
  font-size: 0.875rem;
}

.emotion-13 {
  font-weight: 500;
  color: #111530;
}

.emotion-18 {
  position: relative;
  text-align: right;
  padding: 0.25rem 0.5rem;
  width: initial;
  padding-top: 0.5rem;
  padding-bottom: 0.5rem;
  font-weight: 700;
  font-size: 0.875rem;
}

.emotion-20 {
  padding-top: 0.25rem;
  padding-bottom: 0.25rem;
  border-bottom: 0.0625rem solid rgba(200,206,255,0.70);
}

.emotion-20 td:first-of-type {
  padding-left: 1rem;
}

.emotion-20 td:last-child {
  padding-right: 1rem;
}

.emotion-26 {
  position: relative;
  text-align: left;
  padding: 0.25rem 0.5rem;
  width: initial;
}

.emotion-27 {
  overflow: hidden;
  text-overflow: ellipsis;
  white-space: nowrap;
}

.emotion-32 {
  position: relative;
  text-align: left;
  padding: 0.25rem 0.5rem;
  width: initial;
  border-left: 1px solid rgba(200,206,255,0.70);
}

.emotion-35 {
  position: relative;
  text-align: right;
  padding: 0.25rem 0.5rem;
  width: initial;
  border-left: 1px solid rgba(200,206,255,0.70);
}

<div>
  <table
    class="emotion-0"
  >
    <thead>
      <tr
        class="emotion-1"
      >
        <th
          class="emotion-2"
          data-testid="table_row_0_cell_0"
        >
          <div
            class="emotion-3"
          >
            <label
              class="emotion-4"
              data-rac=""
              data-testid="undefined_undefined_checkbox"
            >
              <span
                style="border: 0px; clip-path: inset(50%); height: 1px; margin: -1px; overflow: hidden; padding: 0px; position: absolute; width: 1px; white-space: nowrap;"
              >
                <input
                  data-testid="undefined_undefined_checkbox"
                  title=""
                  type="checkbox"
                />
              </span>
              <div
                class="emotion-5"
                datatestprefixid="undefined_undefined_checkmark"
              >
                <svg
                  class="emotion-6"
                  fill="none"
                  viewBox="0 0 20 20"
                  xmlns="http://www.w3.org/2000/svg"
                >
                  <path
                    d="M7.98578 15C7.86013 15 7.73789 14.9759 7.61906 14.9277C7.50021 14.8796 7.38896 14.8 7.28531 14.6891L3.75302 10.9092C3.58026 10.7244 3.49597 10.5031 3.50015 10.2454C3.50434 9.9877 3.59282 9.76641 3.76558 9.58154C3.93834 9.39666 4.14304 9.30421 4.37969 9.30421C4.61632 9.30421 4.82101 9.39666 4.99377 9.58154L7.98578 12.7832L15.0001 5.27733C15.1729 5.09244 15.3797 5 15.6205 5C15.8613 5 16.0681 5.09244 16.2409 5.27733C16.4136 5.4622 16.5 5.68348 16.5 5.94118C16.5 6.19888 16.4136 6.42016 16.2409 6.60503L8.68626 14.6891C8.5826 14.8 8.47135 14.8796 8.35251 14.9277C8.23368 14.9759 8.11143 15 7.98578 15Z"
                    fill="#6265AD"
                  />
                </svg>
              </div>
            </label>
          </div>
        </th>
        <td
          class="emotion-7"
          data-testid="table_row_0_cell_1"
        >
          topLeftText
        </td>
        <td
          class="emotion-8"
          colspan="3"
          data-testid="table_row_0_cell_2"
        >
          <div>
            <div>
              top right section
            </div>
          </div>
        </td>
      </tr>
    </thead>
  </table>
  <table
    class="emotion-9"
  >
    <thead>
      <tr
        class="emotion-10"
      >
        <th
          class="emotion-2"
        />
        <th
          class="emotion-12"
          data-testid="undefined_title"
        >
          <div
            class="emotion-13"
          >
            Title
          </div>
        </th>
        <th
          class="emotion-12"
          data-testid="undefined_name"
        >
          <div
            class="emotion-13"
          >
            Name
          </div>
        </th>
        <th
          class="emotion-12"
          data-testid="undefined_surname"
        >
          <div
            class="emotion-13"
          >
            Surname
          </div>
        </th>
        <th
          class="emotion-18"
          data-testid="undefined_age"
        >
          <div
            class="emotion-13"
          >
            Age
          </div>
        </th>
      </tr>
    </thead>
    <tbody>
      <tr
        class="emotion-20"
      >
        <th
          class="emotion-2"
          data-testid="table_row_1_cell_0"
        >
          <div>
            <div
              class="emotion-3"
            >
              <label
                class="emotion-4"
                data-rac=""
                data-testid="row-check_undefined_checkbox"
              >
                <span
                  style="border: 0px; clip-path: inset(50%); height: 1px; margin: -1px; overflow: hidden; padding: 0px; position: absolute; width: 1px; white-space: nowrap;"
                >
                  <input
                    data-testid="row-check_undefined_checkbox"
                    title=""
                    type="checkbox"
                  />
                </span>
                <div
                  class="emotion-5"
                  datatestprefixid="row-check_undefined_checkmark"
                >
                  <svg
                    class="emotion-6"
                    fill="none"
                    viewBox="0 0 20 20"
                    xmlns="http://www.w3.org/2000/svg"
                  >
                    <path
                      d="M7.98578 15C7.86013 15 7.73789 14.9759 7.61906 14.9277C7.50021 14.8796 7.38896 14.8 7.28531 14.6891L3.75302 10.9092C3.58026 10.7244 3.49597 10.5031 3.50015 10.2454C3.50434 9.9877 3.59282 9.76641 3.76558 9.58154C3.93834 9.39666 4.14304 9.30421 4.37969 9.30421C4.61632 9.30421 4.82101 9.39666 4.99377 9.58154L7.98578 12.7832L15.0001 5.27733C15.1729 5.09244 15.3797 5 15.6205 5C15.8613 5 16.0681 5.09244 16.2409 5.27733C16.4136 5.4622 16.5 5.68348 16.5 5.94118C16.5 6.19888 16.4136 6.42016 16.2409 6.60503L8.68626 14.6891C8.5826 14.8 8.47135 14.8796 8.35251 14.9277C8.23368 14.9759 8.11143 15 7.98578 15Z"
                      fill="#6265AD"
                    />
                  </svg>
                </div>
              </label>
            </div>
          </div>
        </th>
        <td
          class="emotion-26"
          data-testid="table_row_1_cell_1"
        >
          <div
            class="emotion-27 emotion-28"
          >
            <span
              data-column="Title"
            >
              title
            </span>
          </div>
        </td>
        <td
          class="emotion-26"
          data-testid="table_row_1_cell_2"
        >
          <div
            class="emotion-27 emotion-28"
          >
            <span
              data-column="Name"
            >
              firstname
            </span>
          </div>
        </td>
        <td
          class="emotion-32"
          data-testid="table_row_1_cell_3"
        >
          <div
            class="emotion-27 emotion-28"
          >
            <span
              data-column="Surname"
            >
              lastname
            </span>
          </div>
        </td>
        <td
          class="emotion-35"
          data-testid="table_row_1_cell_4"
        >
          <div
            class="emotion-27 emotion-28"
          >
            <span
              data-column="Age"
            >
              4.221
            </span>
          </div>
        </td>
      </tr>
      <tr
        class="emotion-20"
      >
        <th
          class="emotion-2"
          data-testid="table_row_2_cell_0"
        >
          <div>
            <div
              class="emotion-3"
            >
              <label
                class="emotion-4"
                data-rac=""
                data-testid="row-check_undefined_checkbox"
              >
                <span
                  style="border: 0px; clip-path: inset(50%); height: 1px; margin: -1px; overflow: hidden; padding: 0px; position: absolute; width: 1px; white-space: nowrap;"
                >
                  <input
                    data-testid="row-check_undefined_checkbox"
                    title=""
                    type="checkbox"
                  />
                </span>
                <div
                  class="emotion-5"
                  datatestprefixid="row-check_undefined_checkmark"
                >
                  <svg
                    class="emotion-6"
                    fill="none"
                    viewBox="0 0 20 20"
                    xmlns="http://www.w3.org/2000/svg"
                  >
                    <path
                      d="M7.98578 15C7.86013 15 7.73789 14.9759 7.61906 14.9277C7.50021 14.8796 7.38896 14.8 7.28531 14.6891L3.75302 10.9092C3.58026 10.7244 3.49597 10.5031 3.50015 10.2454C3.50434 9.9877 3.59282 9.76641 3.76558 9.58154C3.93834 9.39666 4.14304 9.30421 4.37969 9.30421C4.61632 9.30421 4.82101 9.39666 4.99377 9.58154L7.98578 12.7832L15.0001 5.27733C15.1729 5.09244 15.3797 5 15.6205 5C15.8613 5 16.0681 5.09244 16.2409 5.27733C16.4136 5.4622 16.5 5.68348 16.5 5.94118C16.5 6.19888 16.4136 6.42016 16.2409 6.60503L8.68626 14.6891C8.5826 14.8 8.47135 14.8796 8.35251 14.9277C8.23368 14.9759 8.11143 15 7.98578 15Z"
                      fill="#6265AD"
                    />
                  </svg>
                </div>
              </label>
            </div>
          </div>
        </th>
        <td
          class="emotion-26"
          data-testid="table_row_2_cell_1"
        >
          <div
            class="emotion-27 emotion-28"
          >
            <span
              data-column="Title"
            >
              title
            </span>
          </div>
        </td>
        <td
          class="emotion-26"
          data-testid="table_row_2_cell_2"
        >
          <div
            class="emotion-27 emotion-28"
          >
            <span
              data-column="Name"
            >
              firstname
            </span>
          </div>
        </td>
        <td
          class="emotion-32"
          data-testid="table_row_2_cell_3"
        >
          <div
            class="emotion-27 emotion-28"
          >
            <span
              data-column="Surname"
            >
              lastname
            </span>
          </div>
        </td>
        <td
          class="emotion-35"
          data-testid="table_row_2_cell_4"
        >
          <div
            class="emotion-27 emotion-28"
          >
            <span
              data-column="Age"
            >
              4.221
            </span>
          </div>
        </td>
      </tr>
      <tr
        class="emotion-20"
      >
        <th
          class="emotion-2"
          data-testid="table_row_3_cell_0"
        >
          <div>
            <div
              class="emotion-3"
            >
              <label
                class="emotion-4"
                data-rac=""
                data-testid="row-check_undefined_checkbox"
              >
                <span
                  style="border: 0px; clip-path: inset(50%); height: 1px; margin: -1px; overflow: hidden; padding: 0px; position: absolute; width: 1px; white-space: nowrap;"
                >
                  <input
                    data-testid="row-check_undefined_checkbox"
                    title=""
                    type="checkbox"
                  />
                </span>
                <div
                  class="emotion-5"
                  datatestprefixid="row-check_undefined_checkmark"
                >
                  <svg
                    class="emotion-6"
                    fill="none"
                    viewBox="0 0 20 20"
                    xmlns="http://www.w3.org/2000/svg"
                  >
                    <path
                      d="M7.98578 15C7.86013 15 7.73789 14.9759 7.61906 14.9277C7.50021 14.8796 7.38896 14.8 7.28531 14.6891L3.75302 10.9092C3.58026 10.7244 3.49597 10.5031 3.50015 10.2454C3.50434 9.9877 3.59282 9.76641 3.76558 9.58154C3.93834 9.39666 4.14304 9.30421 4.37969 9.30421C4.61632 9.30421 4.82101 9.39666 4.99377 9.58154L7.98578 12.7832L15.0001 5.27733C15.1729 5.09244 15.3797 5 15.6205 5C15.8613 5 16.0681 5.09244 16.2409 5.27733C16.4136 5.4622 16.5 5.68348 16.5 5.94118C16.5 6.19888 16.4136 6.42016 16.2409 6.60503L8.68626 14.6891C8.5826 14.8 8.47135 14.8796 8.35251 14.9277C8.23368 14.9759 8.11143 15 7.98578 15Z"
                      fill="#6265AD"
                    />
                  </svg>
                </div>
              </label>
            </div>
          </div>
        </th>
        <td
          class="emotion-26"
          data-testid="table_row_3_cell_1"
        >
          <div
            class="emotion-27 emotion-28"
          >
            <span
              data-column="Title"
            >
              title
            </span>
          </div>
        </td>
        <td
          class="emotion-26"
          data-testid="table_row_3_cell_2"
        >
          <div
            class="emotion-27 emotion-28"
          >
            <span
              data-column="Name"
            >
              firstname
            </span>
          </div>
        </td>
        <td
          class="emotion-32"
          data-testid="table_row_3_cell_3"
        >
          <div
            class="emotion-27 emotion-28"
          >
            <span
              data-column="Surname"
            >
              lastname
            </span>
          </div>
        </td>
        <td
          class="emotion-35"
          data-testid="table_row_3_cell_4"
        >
          <div
            class="emotion-27 emotion-28"
          >
            <span
              data-column="Age"
            >
              4.221
            </span>
          </div>
        </td>
      </tr>
      <tr
        class="emotion-20"
      >
        <th
          class="emotion-2"
          data-testid="table_row_4_cell_0"
        >
          <div>
            <div
              class="emotion-3"
            >
              <label
                class="emotion-4"
                data-rac=""
                data-testid="row-check_undefined_checkbox"
              >
                <span
                  style="border: 0px; clip-path: inset(50%); height: 1px; margin: -1px; overflow: hidden; padding: 0px; position: absolute; width: 1px; white-space: nowrap;"
                >
                  <input
                    data-testid="row-check_undefined_checkbox"
                    title=""
                    type="checkbox"
                  />
                </span>
                <div
                  class="emotion-5"
                  datatestprefixid="row-check_undefined_checkmark"
                >
                  <svg
                    class="emotion-6"
                    fill="none"
                    viewBox="0 0 20 20"
                    xmlns="http://www.w3.org/2000/svg"
                  >
                    <path
                      d="M7.98578 15C7.86013 15 7.73789 14.9759 7.61906 14.9277C7.50021 14.8796 7.38896 14.8 7.28531 14.6891L3.75302 10.9092C3.58026 10.7244 3.49597 10.5031 3.50015 10.2454C3.50434 9.9877 3.59282 9.76641 3.76558 9.58154C3.93834 9.39666 4.14304 9.30421 4.37969 9.30421C4.61632 9.30421 4.82101 9.39666 4.99377 9.58154L7.98578 12.7832L15.0001 5.27733C15.1729 5.09244 15.3797 5 15.6205 5C15.8613 5 16.0681 5.09244 16.2409 5.27733C16.4136 5.4622 16.5 5.68348 16.5 5.94118C16.5 6.19888 16.4136 6.42016 16.2409 6.60503L8.68626 14.6891C8.5826 14.8 8.47135 14.8796 8.35251 14.9277C8.23368 14.9759 8.11143 15 7.98578 15Z"
                      fill="#6265AD"
                    />
                  </svg>
                </div>
              </label>
            </div>
          </div>
        </th>
        <td
          class="emotion-26"
          data-testid="table_row_4_cell_1"
        >
          <div
            class="emotion-27 emotion-28"
          >
            <span
              data-column="Title"
            >
              title
            </span>
          </div>
        </td>
        <td
          class="emotion-26"
          colspan="2"
          data-testid="table_row_4_cell_2"
        >
          <div
            class="emotion-27 emotion-28"
          >
            <span
              data-column="Name"
            >
              Sum
            </span>
          </div>
        </td>
        <td
          class="emotion-35"
          data-testid="table_row_4_cell_3"
        >
          <div
            class="emotion-27 emotion-28"
          >
            <span
              data-column="Surname"
            >
              4.221
            </span>
          </div>
        </td>
      </tr>
    </tbody>
  </table>
</div>