.emotion-0 {
  display: inline-block;
  border: 1px solid rgba(200,206,255,0.70);
  border-radius: 4px;
  background: #ffffff;
}

.emotion-1 {
  width: 100%;
  border-collapse: collapse;
  table-layout: fixed;
}

.emotion-1 thead>tr>th:last-child,
.emotion-1 tbody>tr>td:last-child {
  border-right: none;
}

.emotion-1 tbody>tr:last-child>td {
  border-bottom: none;
}

.emotion-2 {
  width: 150%;
  height: 2.75rem;
  -webkit-align-content: center;
  -ms-flex-line-pack: center;
  align-content: center;
  text-align: left;
  box-sizing: border-box;
  padding: 8px 16px;
  border-bottom: 1px solid rgba(200,206,255,0.70);
  border-right: 1px solid rgba(200,206,255,0.70);
  color: #52567a;
  font-family: Roboto;
  font-weight: 400;
  line-height: 1.25rem;
  font-size: 0.875rem;
  letter-spacing: 0.015625rem;
}

.emotion-6 {
  height: 2.75rem;
  padding: 8px 16px;
  border-bottom: 1px solid rgba(200,206,255,0.70);
  box-sizing: border-box;
  -webkit-align-content: center;
  -ms-flex-line-pack: center;
  align-content: center;
}

.emotion-7 {
  display: -webkit-box;
  display: -webkit-flex;
  display: -ms-flexbox;
  display: flex;
  -webkit-align-items: center;
  -webkit-box-align: center;
  -ms-flex-align: center;
  align-items: center;
  -webkit-box-pack: justify;
  -webkit-justify-content: space-between;
  justify-content: space-between;
}

<div>
  <div
    class="emotion-0"
  >
    <table
      class="emotion-1"
    >
      <thead>
        <tr>
          <th
            class="emotion-2"
            colspan="1"
          >
            First Name
          </th>
          <th
            class="emotion-2"
            colspan="1"
          >
            Last Name
          </th>
          <th
            class="emotion-2"
            colspan="1"
          >
            Age
          </th>
          <th
            class="emotion-2"
            colspan="1"
          >
            Job
          </th>
        </tr>
      </thead>
      <tbody>
        <tr>
          <td
            class="emotion-6"
          >
            <div
              class="emotion-7"
            >
              Rachel
            </div>
          </td>
          <td
            class="emotion-6"
          >
            <div
              class="emotion-7"
            >
              Berry
            </div>
          </td>
          <td
            class="emotion-6"
          >
            <div
              class="emotion-7"
            >
              30
            </div>
          </td>
          <td
            class="emotion-6"
          >
            <div
              class="emotion-7"
            >
              Fashion Executive
            </div>
          </td>
        </tr>
        <tr>
          <td
            class="emotion-6"
          >
            <div
              class="emotion-7"
            >
              Ross
            </div>
          </td>
          <td
            class="emotion-6"
          >
            <div
              class="emotion-7"
            >
              Geller
            </div>
          </td>
          <td
            class="emotion-6"
          >
            <div
              class="emotion-7"
            >
              32
            </div>
          </td>
          <td
            class="emotion-6"
          >
            <div
              class="emotion-7"
            >
              Paleontologist
            </div>
          </td>
        </tr>
        <tr>
          <td
            class="emotion-6"
          >
            <div
              class="emotion-7"
            >
              Monica
            </div>
          </td>
          <td
            class="emotion-6"
          >
            <div
              class="emotion-7"
            >
              Geller
            </div>
          </td>
          <td
            class="emotion-6"
          >
            <div
              class="emotion-7"
            >
              31
            </div>
          </td>
          <td
            class="emotion-6"
          >
            <div
              class="emotion-7"
            >
              Chef
            </div>
          </td>
        </tr>
        <tr>
          <td
            class="emotion-6"
          >
            <div
              class="emotion-7"
            >
              Chandler
            </div>
          </td>
          <td
            class="emotion-6"
          >
            <div
              class="emotion-7"
            >
              Bing
            </div>
          </td>
          <td
            class="emotion-6"
          >
            <div
              class="emotion-7"
            >
              32
            </div>
          </td>
          <td
            class="emotion-6"
          >
            <div
              class="emotion-7"
            >
              ?
            </div>
          </td>
        </tr>
        <tr>
          <td
            class="emotion-6"
          >
            <div
              class="emotion-7"
            >
              Joey
            </div>
          </td>
          <td
            class="emotion-6"
          >
            <div
              class="emotion-7"
            >
              Tribbiani
            </div>
          </td>
          <td
            class="emotion-6"
          >
            <div
              class="emotion-7"
            >
              30
            </div>
          </td>
          <td
            class="emotion-6"
          >
            <div
              class="emotion-7"
            >
              Actor
            </div>
          </td>
        </tr>
        <tr>
          <td
            class="emotion-6"
          >
            <div
              class="emotion-7"
            >
              Phoebe
            </div>
          </td>
          <td
            class="emotion-6"
          >
            <div
              class="emotion-7"
            >
              Buffay
            </div>
          </td>
          <td
            class="emotion-6"
          >
            <div
              class="emotion-7"
            >
              31
            </div>
          </td>
          <td
            class="emotion-6"
          >
            <div
              class="emotion-7"
            >
              Massage Therapist
            </div>
          </td>
        </tr>
      </tbody>
    </table>
  </div>
</div>