.emotion-0 {
  display: -webkit-box;
  display: -webkit-flex;
  display: -ms-flexbox;
  display: flex;
  -webkit-flex-direction: row;
  -ms-flex-direction: row;
  flex-direction: row;
  -webkit-box-flex-wrap: wrap;
  -webkit-flex-wrap: wrap;
  -ms-flex-wrap: wrap;
  flex-wrap: wrap;
}

.emotion-1 {
  display: -webkit-box;
  display: -webkit-flex;
  display: -ms-flexbox;
  display: flex;
  -webkit-flex: 1;
  -ms-flex: 1;
  flex: 1;
  -webkit-align-items: center;
  -webkit-box-align: center;
  -ms-flex-align: center;
  align-items: center;
  position: relative;
  -webkit-transition: background-color 0.25s,box-shadow 0.25s,border-color 0.25s;
  transition: background-color 0.25s,box-shadow 0.25s,border-color 0.25s;
  box-shadow: 0 0 0 0.0625rem #8EAAEC;
  border-radius: 0.25rem;
  -webkit-user-select: none;
  -moz-user-select: none;
  -ms-user-select: none;
  user-select: none;
  opacity: 1;
  cursor: text;
  height: 3.25rem;
  min-width: 8.75rem;
  background-color: rgba(200,206,255,0.30);
}

.emotion-1:hover {
  background-color: rgba(200,206,255,0.20);
}

.emotion-1:focus-within {
  box-shadow: 0 0 0 0.125rem #175BF5;
  background-color: rgba(200,206,255,0.30);
}

.emotion-2 {
  position: relative;
  display: -webkit-inline-box;
  display: -webkit-inline-flex;
  display: -ms-inline-flexbox;
  display: inline-flex;
  -webkit-flex-direction: row;
  -ms-flex-direction: row;
  flex-direction: row;
  -webkit-align-items: center;
  -webkit-box-align: center;
  -ms-flex-align: center;
  align-items: center;
  vertical-align: top;
  width: -webkit-fill-available;
  width: -moz-available;
  width: fill-available;
  padding: 0rem 0rem 0rem 0.75rem;
}

.emotion-2>div {
  position: relative;
}

.emotion-3 {
  width: 100%;
}

.emotion-5 {
  font-family: Roboto;
  font-weight: 400;
  line-height: 1.25rem;
  font-size: 0.875rem;
  letter-spacing: 0.015625rem;
  background: transparent;
  border: none;
  color: #111530;
  padding: 0;
  display: block;
  position: relative;
  top: 0.4375rem;
  z-index: 1;
  text-overflow: ellipsis;
  width: 0;
  min-width: 100%;
}

.emotion-5::-webkit-input-placeholder {
  color: transparent;
}

.emotion-5::-moz-placeholder {
  color: transparent;
}

.emotion-5:-ms-input-placeholder {
  color: transparent;
}

.emotion-5::placeholder {
  color: transparent;
}

.emotion-5:focus {
  outline: none;
}

.emotion-5:focus::-webkit-input-placeholder {
  color: transparent;
}

.emotion-5:focus::-moz-placeholder {
  color: transparent;
}

.emotion-5:focus:-ms-input-placeholder {
  color: transparent;
}

.emotion-5:focus::placeholder {
  color: transparent;
}

.emotion-5:not(:focus):placeholder-shown+label {
  font-weight: normal;
}

.emotion-5:focus-within+label,
.emotion-5:not(:placeholder-shown)+label {
  font-weight: 700!important;
  -webkit-transform: translate(0.1875rem, -35%) scale(0.8);
  -moz-transform: translate(0.1875rem, -35%) scale(0.8);
  -ms-transform: translate(0.1875rem, -35%) scale(0.8);
  transform: translate(0.1875rem, -35%) scale(0.8);
}

.emotion-5:focus-within+label {
  font-weight: 700!important;
  color: #194DCC;
}

.emotion-5:disabled {
  cursor: not-allowed;
}

.emotion-6 {
  -webkit-transition: -webkit-transform 0.25s,opacity 0.25s ease-in-out;
  transition: transform 0.25s,opacity 0.25s ease-in-out;
  transform-origin: 0 0;
  width: 100%;
  position: absolute;
  -webkit-user-select: none;
  -moz-user-select: none;
  -ms-user-select: none;
  user-select: none;
  -webkit-transform: translate(0.1875rem, 0);
  -moz-transform: translate(0.1875rem, 0);
  -ms-transform: translate(0.1875rem, 0);
  transform: translate(0.1875rem, 0);
  color: #52567a;
  -webkit-align-items: center;
  -webkit-box-align: center;
  -ms-flex-align: center;
  align-items: center;
  display: -webkit-box;
  display: -webkit-flex;
  display: -ms-flexbox;
  display: flex;
  top: 0;
  bottom: 0;
  right: 0.1875rem;
  margin: auto;
  white-space: nowrap;
  font-family: Roboto;
  font-weight: 400;
  line-height: 1.25rem;
  font-size: 0.875rem;
  letter-spacing: 0.015625rem;
}

.emotion-7 {
  display: -webkit-box;
  display: -webkit-flex;
  display: -ms-flexbox;
  display: flex;
  -webkit-align-items: center;
  -webkit-box-align: center;
  -ms-flex-align: center;
  align-items: center;
  gap: 0.25rem;
  opacity: 1;
  color: #52567a;
  padding: 0.5rem 0 0;
  font-family: Roboto;
  font-weight: 400;
  line-height: 1rem;
  font-size: 0.75rem;
  letter-spacing: 0.015625rem;
}

.emotion-7 span {
  -webkit-align-items: stretch;
  -webkit-box-align: stretch;
  -ms-flex-align: stretch;
  align-items: stretch;
  padding: 0;
}

<div>
  <div
    class="emotion-0"
  >
    <div
      style="margin: 5px;"
    >
      <div>
        <div
          class="emotion-1"
        >
          <div
            class="emotion-2"
          >
            <div
              class="emotion-3"
            >
              <div
                class="react-aria-NumberField"
                data-rac=""
              >
                <div
                  class="emotion-4"
                  data-rac=""
                  role="group"
                >
                  <input
                    aria-describedby="numberfield__00_hintMessage"
                    aria-invalid="false"
                    aria-roledescription="Number field"
                    autocomplete="off"
                    autocorrect="off"
                    class="emotion-5"
                    data-rac=""
                    data-testid="input"
                    id="numberfield__00"
                    inputmode="numeric"
                    placeholder="NumberField"
                    spellcheck="false"
                    tabindex="0"
                    title=""
                    type="text"
                    value=""
                  />
                  <label
                    class="emotion-6"
                    for="numberfield__00"
                  >
                    NumberField
                     
                  </label>
                </div>
              </div>
            </div>
          </div>
        </div>
        <div
          class="emotion-7"
          data-testid="error"
        >
          <span
            id="numberfield__00_hintMessage"
          >
            Hint Message
          </span>
        </div>
      </div>
    </div>
  </div>
</div>