<div>
  <div
    class="properties_display_flex_base__19njorx2i properties_flexDirection_column_base__19njorxnu properties_gap_2xl_base__19njorxr6"
    data-ictinus="test-version"
  >
    <div
      class="properties_display_flex_base__19njorx2i properties_flexWrap_wrap_base__19njorx26 properties_gap_sm_base__19njorxqq"
      data-ictinus="test-version"
    >
      <span
        class="Badge_badge__by0hyd1 Badge__by0hyd0 Badge_badge_size_normal__by0hyd2 Badge_badge_colorScheme_neutral__by0hyd4 properties_paddingLeft_xs_base__19njorx1dm properties_paddingRight_xs_base__19njorx1g6 properties_borderBottomWidth_1_base__19njorx1km properties_borderLeftWidth_1_base__19njorx1l2 properties_borderRightWidth_1_base__19njorx1k6 properties_borderTopWidth_1_base__19njorx1jq properties_position_relative_base__19njorxoq properties_display_inline-flex_base__19njorx2m properties_alignItems_center_base__19njorx6 properties_flexShrink_0_base__19njorxoa properties_cursor_default__19njorx1n1 properties_isolation_isolate__19njorx1or properties_height_6_base__19njorx7u properties_borderRadius_2__19njorx1ls properties_backgroundColor_default_base__19njorx1q3 properties_borderColor_decorative.default_base__19njorx293 properties_color_active_base__19njorx2gb"
        data-ictinus="test-version"
        data-slot="badge"
      >
        <span
          class="Text__ff5iyl6 Badge__by0hyda Badge_badgeText_size_normal__by0hydb properties_paddingLeft_xs_base__19njorx1dm properties_paddingRight_xs_base__19njorx1g6 properties_typography_label02__19njorx1o0"
          data-ictinus="test-version"
          data-slot="text"
        >
          Neutral
        </span>
      </span>
      <span
        class="Badge_badge__by0hyd1 Badge__by0hyd0 Badge_badge_size_normal__by0hyd2 Badge_badge_colorScheme_blue__by0hyd5 properties_paddingLeft_xs_base__19njorx1dm properties_paddingRight_xs_base__19njorx1g6 properties_borderBottomWidth_1_base__19njorx1km properties_borderLeftWidth_1_base__19njorx1l2 properties_borderRightWidth_1_base__19njorx1k6 properties_borderTopWidth_1_base__19njorx1jq properties_position_relative_base__19njorxoq properties_display_inline-flex_base__19njorx2m properties_alignItems_center_base__19njorx6 properties_flexShrink_0_base__19njorxoa properties_cursor_default__19njorx1n1 properties_isolation_isolate__19njorx1or properties_height_6_base__19njorx7u properties_borderRadius_2__19njorx1ls properties_backgroundColor_palette.primary-alt.muted_base__19njorx1t3 properties_borderColor_decorative.default_base__19njorx293 properties_color_active_base__19njorx2gb"
        data-ictinus="test-version"
        data-slot="badge"
      >
        <span
          class="Text__ff5iyl6 Badge__by0hyda Badge_badgeText_size_normal__by0hydb properties_paddingLeft_xs_base__19njorx1dm properties_paddingRight_xs_base__19njorx1g6 properties_typography_label02__19njorx1o0"
          data-ictinus="test-version"
          data-slot="text"
        >
          Blue
        </span>
      </span>
      <span
        class="Badge_badge__by0hyd1 Badge__by0hyd0 Badge_badge_size_normal__by0hyd2 Badge_badge_colorScheme_red__by0hyd6 properties_paddingLeft_xs_base__19njorx1dm properties_paddingRight_xs_base__19njorx1g6 properties_borderBottomWidth_1_base__19njorx1km properties_borderLeftWidth_1_base__19njorx1l2 properties_borderRightWidth_1_base__19njorx1k6 properties_borderTopWidth_1_base__19njorx1jq properties_position_relative_base__19njorxoq properties_display_inline-flex_base__19njorx2m properties_alignItems_center_base__19njorx6 properties_flexShrink_0_base__19njorxoa properties_cursor_default__19njorx1n1 properties_isolation_isolate__19njorx1or properties_height_6_base__19njorx7u properties_borderRadius_2__19njorx1ls properties_backgroundColor_palette.error.muted_base__19njorx1rr properties_borderColor_interactive.error_base__19njorx29j properties_color_error_base__19njorx2gf"
        data-ictinus="test-version"
        data-slot="badge"
      >
        <span
          class="Text__ff5iyl6 Badge__by0hyda Badge_badgeText_size_normal__by0hydb properties_paddingLeft_xs_base__19njorx1dm properties_paddingRight_xs_base__19njorx1g6 properties_typography_label02__19njorx1o0"
          data-ictinus="test-version"
          data-slot="text"
        >
          Red
        </span>
      </span>
      <span
        class="Badge_badge__by0hyd1 Badge__by0hyd0 Badge_badge_size_normal__by0hyd2 Badge_badge_colorScheme_purple__by0hyd7 properties_paddingLeft_xs_base__19njorx1dm properties_paddingRight_xs_base__19njorx1g6 properties_borderBottomWidth_1_base__19njorx1km properties_borderLeftWidth_1_base__19njorx1l2 properties_borderRightWidth_1_base__19njorx1k6 properties_borderTopWidth_1_base__19njorx1jq properties_position_relative_base__19njorxoq properties_display_inline-flex_base__19njorx2m properties_alignItems_center_base__19njorx6 properties_flexShrink_0_base__19njorxoa properties_cursor_default__19njorx1n1 properties_isolation_isolate__19njorx1or properties_height_6_base__19njorx7u properties_borderRadius_2__19njorx1ls properties_backgroundColor_palette.upsell.muted_base__19njorx1sr properties_borderColor_interactive.upsell_base__19njorx29n properties_color_visited_base__19njorx2gr"
        data-ictinus="test-version"
        data-slot="badge"
      >
        <span
          class="Text__ff5iyl6 Badge__by0hyda Badge_badgeText_size_normal__by0hydb properties_paddingLeft_xs_base__19njorx1dm properties_paddingRight_xs_base__19njorx1g6 properties_typography_label02__19njorx1o0"
          data-ictinus="test-version"
          data-slot="text"
        >
          Purple
        </span>
      </span>
      <span
        class="Badge_badge__by0hyd1 Badge__by0hyd0 Badge_badge_size_normal__by0hyd2 Badge_badge_colorScheme_teal__by0hyd8 properties_paddingLeft_xs_base__19njorx1dm properties_paddingRight_xs_base__19njorx1g6 properties_borderBottomWidth_1_base__19njorx1km properties_borderLeftWidth_1_base__19njorx1l2 properties_borderRightWidth_1_base__19njorx1k6 properties_borderTopWidth_1_base__19njorx1jq properties_position_relative_base__19njorxoq properties_display_inline-flex_base__19njorx2m properties_alignItems_center_base__19njorx6 properties_flexShrink_0_base__19njorxoa properties_cursor_default__19njorx1n1 properties_isolation_isolate__19njorx1or properties_height_6_base__19njorx7u properties_borderRadius_2__19njorx1ls properties_backgroundColor_palette.success.muted_base__19njorx1sf properties_borderColor_interactive.success_base__19njorx29v properties_color_success_base__19njorx2gn"
        data-ictinus="test-version"
        data-slot="badge"
      >
        <span
          class="Text__ff5iyl6 Badge__by0hyda Badge_badgeText_size_normal__by0hydb properties_paddingLeft_xs_base__19njorx1dm properties_paddingRight_xs_base__19njorx1g6 properties_typography_label02__19njorx1o0"
          data-ictinus="test-version"
          data-slot="text"
        >
          Teal
        </span>
      </span>
      <span
        class="Badge_badge__by0hyd1 Badge__by0hyd0 Badge_badge_size_normal__by0hyd2 Badge_badge_colorScheme_orange__by0hyd9 properties_paddingLeft_xs_base__19njorx1dm properties_paddingRight_xs_base__19njorx1g6 properties_borderBottomWidth_1_base__19njorx1km properties_borderLeftWidth_1_base__19njorx1l2 properties_borderRightWidth_1_base__19njorx1k6 properties_borderTopWidth_1_base__19njorx1jq properties_position_relative_base__19njorxoq properties_display_inline-flex_base__19njorx2m properties_alignItems_center_base__19njorx6 properties_flexShrink_0_base__19njorxoa properties_cursor_default__19njorx1n1 properties_isolation_isolate__19njorx1or properties_height_6_base__19njorx7u properties_borderRadius_2__19njorx1ls properties_backgroundColor_palette.warning.muted_base__19njorx1s3 properties_borderColor_interactive.warning_base__19njorx29r properties_color_warning_base__19njorx2gj"
        data-ictinus="test-version"
        data-slot="badge"
      >
        <span
          class="Text__ff5iyl6 Badge__by0hyda Badge_badgeText_size_normal__by0hydb properties_paddingLeft_xs_base__19njorx1dm properties_paddingRight_xs_base__19njorx1g6 properties_typography_label02__19njorx1o0"
          data-ictinus="test-version"
          data-slot="text"
        >
          Orange
        </span>
      </span>
      <span
        class="Badge_codeBadge__by0hydd Badge_codeBadge_size_normal__by0hyde properties_paddingLeft_xs_base__19njorx1dm properties_paddingRight_xs_base__19njorx1g6 properties_position_relative_base__19njorxoq properties_display_inline-flex_base__19njorx2m properties_alignItems_center_base__19njorx6 properties_flexShrink_0_base__19njorxoa properties_backgroundColor_palette.secondary.contrast_base__19njorx1r7 properties_cursor_default__19njorx1n1 properties_isolation_isolate__19njorx1or properties_height_6_base__19njorx7u properties_borderRadius_2__19njorx1ls"
        data-ictinus="test-version"
        data-slot="codeBadge"
      >
        <span
          class="Text__ff5iyl6 Badge_codeBadgeText__by0hydg Badge_codeBadgeText_size_normal__by0hydh properties_fontFamily_mono__19njorx1nf properties_paddingLeft_xs_base__19njorx1dm properties_paddingRight_xs_base__19njorx1g6 properties_typography_body02__19njorx1o4"
          data-ictinus="test-version"
          data-slot="text"
        >
          Code
        </span>
      </span>
    </div>
  </div>
</div>