<div>
  <div
    class="properties_display_flex_base__1gvim5n2i properties_flexDirection_column_base__1gvim5nnu properties_gap_2xl_base__1gvim5nr6"
    data-ictinus="test-version"
  >
    <div
      class="properties_display_flex_base__1gvim5n2i properties_gap_md_base__1gvim5nqu"
      data-ictinus="test-version"
    >
      <button
        class="Button_button__1jl9e2w1 Button__1jl9e2w0 Button_button_variant_primary__1jl9e2w2 Button_button_size_normal__1jl9e2w6 properties_position_relative_base__1gvim5noq properties_display_inline-flex_base__1gvim5n2m properties_alignItems_center_base__1gvim5n6 properties_flexShrink_0_base__1gvim5noa properties_borderRadius_2__1gvim5n1ls properties_transitionProperty_colors__1gvim5n1pi properties_transitionDuration_150ms__1gvim5n1pr properties_transitionTimingFunction_out__1gvim5n1pp properties_userSelect_none__1gvim5n1na properties_isolation_isolate__1gvim5n1or properties_backgroundColor_palette.primary_base__1gvim5n1qn properties_backgroundColor_palette.primary.muted_hover__1gvim5n1qu properties_backgroundColor_palette.primary.contrast_active__1gvim5n1qw properties_color_inverted.primary_base__1gvim5n27f properties_height_9_base__1gvim5n86 properties_paddingLeft_md_base__1gvim5n1du properties_paddingRight_md_base__1gvim5n1ge"
        data-ictinus="test-version"
        data-rac=""
        data-react-aria-pressable="true"
        data-size="normal"
        data-slot="button"
        data-variant="primary"
        id="react-aria-:test-id:"
        tabindex="0"
        type="button"
      >
        <span
          class="Button_text__1jl9e2wc Button_text_size_normal__1jl9e2wd properties_paddingLeft_xs_base__1gvim5n1dm properties_paddingRight_xs_base__1gvim5n1g6 properties_typography_label02__1gvim5n1o0"
          data-ictinus="test-version"
          data-slot="text"
        >
          Button
        </span>
      </button>
      <button
        class="Button_button__1jl9e2w1 Button__1jl9e2w0 Button_button_variant_secondary__1jl9e2w3 Button_button_size_normal__1jl9e2w6 properties_position_relative_base__1gvim5noq properties_display_inline-flex_base__1gvim5n2m properties_alignItems_center_base__1gvim5n6 properties_flexShrink_0_base__1gvim5noa properties_borderRadius_2__1gvim5n1ls properties_transitionProperty_colors__1gvim5n1pi properties_transitionDuration_150ms__1gvim5n1pr properties_transitionTimingFunction_out__1gvim5n1pp properties_userSelect_none__1gvim5n1na properties_isolation_isolate__1gvim5n1or properties_backgroundColor_palette.secondary_base__1gvim5n1qz properties_backgroundColor_palette.secondary.muted_hover__1gvim5n1r6 properties_backgroundColor_palette.secondary.contrast_active__1gvim5n1r8 properties_color_active_base__1gvim5n26v properties_height_9_base__1gvim5n86 properties_paddingLeft_md_base__1gvim5n1du properties_paddingRight_md_base__1gvim5n1ge"
        data-ictinus="test-version"
        data-rac=""
        data-react-aria-pressable="true"
        data-size="normal"
        data-slot="button"
        data-variant="secondary"
        id="react-aria-:test-id:"
        tabindex="0"
        type="button"
      >
        <span
          class="Button_text__1jl9e2wc Button_text_size_normal__1jl9e2wd properties_paddingLeft_xs_base__1gvim5n1dm properties_paddingRight_xs_base__1gvim5n1g6 properties_typography_label02__1gvim5n1o0"
          data-ictinus="test-version"
          data-slot="text"
        >
          Button
        </span>
      </button>
      <button
        class="Button_button__1jl9e2w1 Button__1jl9e2w0 Button_button_variant_tertiary__1jl9e2w4 Button_button_size_normal__1jl9e2w6 properties_position_relative_base__1gvim5noq properties_display_inline-flex_base__1gvim5n2m properties_alignItems_center_base__1gvim5n6 properties_flexShrink_0_base__1gvim5noa properties_borderRadius_2__1gvim5n1ls properties_transitionProperty_colors__1gvim5n1pi properties_transitionDuration_150ms__1gvim5n1pr properties_transitionTimingFunction_out__1gvim5n1pp properties_userSelect_none__1gvim5n1na properties_isolation_isolate__1gvim5n1or properties_backgroundColor_palette.tertiary_base__1gvim5n1rb properties_backgroundColor_palette.tertiary.muted_hover__1gvim5n1ri properties_backgroundColor_palette.tertiary.contrast_active__1gvim5n1rk properties_color_active_base__1gvim5n26v properties_height_9_base__1gvim5n86 properties_paddingLeft_md_base__1gvim5n1du properties_paddingRight_md_base__1gvim5n1ge"
        data-ictinus="test-version"
        data-rac=""
        data-react-aria-pressable="true"
        data-size="normal"
        data-slot="button"
        data-variant="tertiary"
        id="react-aria-:test-id:"
        tabindex="0"
        type="button"
      >
        <span
          class="Button_text__1jl9e2wc Button_text_size_normal__1jl9e2wd properties_paddingLeft_xs_base__1gvim5n1dm properties_paddingRight_xs_base__1gvim5n1g6 properties_typography_label02__1gvim5n1o0"
          data-ictinus="test-version"
          data-slot="text"
        >
          Button
        </span>
      </button>
      <button
        class="Button_button__1jl9e2w1 Button__1jl9e2w0 Button_button_variant_danger__1jl9e2w5 Button_button_size_normal__1jl9e2w6 properties_position_relative_base__1gvim5noq properties_display_inline-flex_base__1gvim5n2m properties_alignItems_center_base__1gvim5n6 properties_flexShrink_0_base__1gvim5noa properties_borderRadius_2__1gvim5n1ls properties_transitionProperty_colors__1gvim5n1pi properties_transitionDuration_150ms__1gvim5n1pr properties_transitionTimingFunction_out__1gvim5n1pp properties_userSelect_none__1gvim5n1na properties_isolation_isolate__1gvim5n1or properties_backgroundColor_palette.error_base__1gvim5n1rn properties_backgroundColor_palette.error.muted_hover__1gvim5n1ru properties_backgroundColor_palette.error.contrast_active__1gvim5n1rw properties_color_error_base__1gvim5n26z properties_height_9_base__1gvim5n86 properties_paddingLeft_md_base__1gvim5n1du properties_paddingRight_md_base__1gvim5n1ge"
        data-ictinus="test-version"
        data-rac=""
        data-react-aria-pressable="true"
        data-size="normal"
        data-slot="button"
        data-variant="danger"
        id="react-aria-:test-id:"
        tabindex="0"
        type="button"
      >
        <span
          class="Button_text__1jl9e2wc Button_text_size_normal__1jl9e2wd properties_paddingLeft_xs_base__1gvim5n1dm properties_paddingRight_xs_base__1gvim5n1g6 properties_typography_label02__1gvim5n1o0"
          data-ictinus="test-version"
          data-slot="text"
        >
          Button
        </span>
      </button>
    </div>
  </div>
</div>