<div>
  <div
    class="properties_backgroundColor_alt_base__1gvim5n1q7"
    data-ictinus="test-version"
    style="width: 252px;"
  >
    <nav
      class="Nav_nav__1rx4d8z0 properties_display_inline-flex_base__1gvim5n2m properties_flexDirection_column_base__1gvim5nnu"
      data-ictinus="test-version"
    >
      <ul
        class="Nav_navList__1rx4d8z1 properties_display_inline-flex_base__1gvim5n2m properties_flexDirection_column_base__1gvim5nnu properties_gap_lg_base__1gvim5nqy"
      >
        <li
          class="Nav_navItem__1rx4d8z5 Nav__1rx4d8z2 Nav_navItem_isActive_true__1rx4d8z7 Nav__1rx4d8z4 properties_position_relative_base__1gvim5noq properties_isolation_isolate__1gvim5n1or properties_display_inline-flex_base__1gvim5n2m properties_flexDirection_column_base__1gvim5nnu"
          data-ictinus="test-version"
        >
          <a
            aria-current="page"
            aria-disabled="false"
            class="Nav_navLink__1rx4d8z9 Nav__1rx4d8z8 Nav_navLink_isActive_true__1rx4d8za properties_paddingLeft_lg_base__1gvim5n1dy properties_paddingRight_lg_base__1gvim5n1gi properties_paddingTop_md_base__1gvim5n1iy properties_paddingBottom_md_base__1gvim5n1ba properties_position_relative_base__1gvim5noq properties_isolation_isolate__1gvim5n1or properties_display_inline-flex_base__1gvim5n2m properties_alignItems_center_base__1gvim5n6 properties_typography_label01__1gvim5n1nz properties_color_active_base__1gvim5n26v properties_gap_sm_base__1gvim5nqq properties_fontWeight_medium__1gvim5n1o8"
            data-ictinus="test-version"
            href="#bing"
            role="link"
          >
            <svg
              class="properties_height_4_base__1gvim5n7m properties_width_4_base__1gvim5n4a properties_flexShrink_0_base__1gvim5noa"
              data-ictinus="test-version"
              data-slot="icon"
              role="img"
              viewBox="0 0 20 20"
              xmlns="http://www.w3.org/2000/svg"
            >
              <path
                d="M7.63053 14.4626L8.86819 15.567C9.18185 15.8578 9.55912 16.0021 10 16C10.4409 15.9979 10.8181 15.8514 11.1318 15.5606L12.3865 14.4396C13.4799 13.4526 14.5222 12.4249 15.5133 11.3566C16.5044 10.2883 17 9.09611 17 7.78C17 6.7066 16.6238 5.80825 15.8715 5.08495C15.1191 4.36165 14.1955 4 13.1006 4C12.479 4 11.901 4.13157 11.3664 4.39471C10.8319 4.65786 10.3764 4.99475 10 5.4054C9.6236 4.99475 9.16812 4.65786 8.63359 4.39471C8.09904 4.13157 7.52099 4 6.89943 4C5.80454 4 4.88091 4.36165 4.12855 5.08495C3.37618 5.80825 3 6.7066 3 7.78C3 9.08335 3.48466 10.266 4.45398 11.3279C5.4233 12.3898 6.48215 13.4347 7.63053 14.4626Z"
                fill="currentColor"
              />
            </svg>
            Bing
            <span
              class="Nav_counter__1rx4d8zc properties_borderRadius_1__1gvim5n1lr properties_paddingLeft_sm_base__1gvim5n1dq properties_paddingRight_sm_base__1gvim5n1ga properties_paddingTop_xs_base__1gvim5n1iq properties_paddingBottom_xs_base__1gvim5n1b2 properties_display_inline-flex_base__1gvim5n2m properties_alignItems_center_base__1gvim5n6 properties_typography_label01__1gvim5n1nz Nav_counter_isActive_true__1rx4d8zd properties_backgroundColor_palette.primary.contrast_base__1gvim5n1qv properties_color_inverted.primary_base__1gvim5n27f"
              data-ictinus="test-version"
              data-slot="navCount"
            >
              000
            </span>
          </a>
          <ul
            class="Nav_subList__1rx4d8zg properties_paddingBottom_md_base__1gvim5n1ba properties_paddingLeft_lg_base__1gvim5n1dy properties_display_inline-flex_base__1gvim5n2m properties_flexDirection_column_base__1gvim5nnu Nav__1rx4d8zf"
            data-ictinus="test-version"
          >
            <li
              class="Nav_subItem__1rx4d8zh properties_position_relative_base__1gvim5noq properties_isolation_isolate__1gvim5n1or properties_display_inline-flex_base__1gvim5n2m properties_alignItems_center_base__1gvim5n6 properties_gap_sm_base__1gvim5nqq"
              data-ictinus="test-version"
            >
              <a
                aria-current="page"
                aria-disabled="false"
                class="Nav_subLink__1rx4d8zk Nav__1rx4d8zi properties_position_relative_base__1gvim5noq properties_isolation_isolate__1gvim5n1or properties_display_inline-flex_base__1gvim5n2m properties_alignItems_center_base__1gvim5n6 properties_gap_sm_base__1gvim5nqq properties_typography_label02__1gvim5n1o0 properties_color_primary_base__1gvim5n26n properties_fontWeight_regular__1gvim5n1o7 Nav__1rx4d8zj Nav_subLink_isActive_true__1rx4d8zl properties_fontWeight_medium__1gvim5n1o8 properties_color_active_base__1gvim5n26v"
                data-discover="true"
                data-ictinus="test-version"
                href="/#bing-sub-1"
                role="link"
              >
                <svg
                  aria-hidden="true"
                  class="Nav_subLinkStatusIndicator__1rx4d8zo Nav__1rx4d8zn Nav_subLinkStatusIndicator_isActive_true__1rx4d8zp properties_flexShrink_0_base__1gvim5noa properties_color_active_base__1gvim5n26v properties_opacity_1__1gvim5n1pe properties_height_4_base__1gvim5n7m properties_width_4_base__1gvim5n4a"
                  data-ictinus="test-version"
                  data-slot="icon"
                  role="img"
                  viewBox="0 0 20 20"
                  xmlns="http://www.w3.org/2000/svg"
                >
                  <rect
                    fill="currentColor"
                    height="6"
                    rx="3"
                    width="6"
                    x="7"
                    y="7"
                  />
                </svg>
                Sub-tab 1
                <svg
                  class="properties_height_4_base__1gvim5n7m properties_width_4_base__1gvim5n4a properties_flexShrink_0_base__1gvim5noa"
                  data-ictinus="test-version"
                  data-slot="icon"
                  role="img"
                  viewBox="0 0 20 20"
                  xmlns="http://www.w3.org/2000/svg"
                >
                  <path
                    d="M7.63053 14.4626L8.86819 15.567C9.18185 15.8578 9.55912 16.0021 10 16C10.4409 15.9979 10.8181 15.8514 11.1318 15.5606L12.3865 14.4396C13.4799 13.4526 14.5222 12.4249 15.5133 11.3566C16.5044 10.2883 17 9.09611 17 7.78C17 6.7066 16.6238 5.80825 15.8715 5.08495C15.1191 4.36165 14.1955 4 13.1006 4C12.479 4 11.901 4.13157 11.3664 4.39471C10.8319 4.65786 10.3764 4.99475 10 5.4054C9.6236 4.99475 9.16812 4.65786 8.63359 4.39471C8.09904 4.13157 7.52099 4 6.89943 4C5.80454 4 4.88091 4.36165 4.12855 5.08495C3.37618 5.80825 3 6.7066 3 7.78C3 9.08335 3.48466 10.266 4.45398 11.3279C5.4233 12.3898 6.48215 13.4347 7.63053 14.4626Z"
                    fill="currentColor"
                  />
                </svg>
              </a>
            </li>
            <li
              class="Nav_subItem__1rx4d8zh properties_position_relative_base__1gvim5noq properties_isolation_isolate__1gvim5n1or properties_display_inline-flex_base__1gvim5n2m properties_alignItems_center_base__1gvim5n6 properties_gap_sm_base__1gvim5nqq"
              data-ictinus="test-version"
            >
              <a
                aria-disabled="false"
                class="Nav_subLink__1rx4d8zk Nav__1rx4d8zi properties_position_relative_base__1gvim5noq properties_isolation_isolate__1gvim5n1or properties_display_inline-flex_base__1gvim5n2m properties_alignItems_center_base__1gvim5n6 properties_gap_sm_base__1gvim5nqq properties_typography_label02__1gvim5n1o0 properties_color_primary_base__1gvim5n26n properties_fontWeight_regular__1gvim5n1o7 Nav__1rx4d8zj"
                data-ictinus="test-version"
                href="#bing-sub-2"
                role="link"
              >
                <svg
                  aria-hidden="true"
                  class="Nav_subLinkStatusIndicator__1rx4d8zo Nav__1rx4d8zn properties_flexShrink_0_base__1gvim5noa properties_height_4_base__1gvim5n7m properties_width_4_base__1gvim5n4a"
                  data-ictinus="test-version"
                  data-slot="icon"
                  role="img"
                  viewBox="0 0 20 20"
                  xmlns="http://www.w3.org/2000/svg"
                >
                  <rect
                    fill="currentColor"
                    height="6"
                    rx="3"
                    width="6"
                    x="7"
                    y="7"
                  />
                </svg>
                Sub-tab 2
              </a>
            </li>
            <li
              class="Nav_subItem__1rx4d8zh properties_position_relative_base__1gvim5noq properties_isolation_isolate__1gvim5n1or properties_display_inline-flex_base__1gvim5n2m properties_alignItems_center_base__1gvim5n6 properties_gap_sm_base__1gvim5nqq"
              data-ictinus="test-version"
            >
              <a
                aria-disabled="true"
                class="Nav_subLink__1rx4d8zk Nav__1rx4d8zi properties_position_relative_base__1gvim5noq properties_isolation_isolate__1gvim5n1or properties_display_inline-flex_base__1gvim5n2m properties_alignItems_center_base__1gvim5n6 properties_gap_sm_base__1gvim5nqq properties_typography_label02__1gvim5n1o0 properties_color_primary_base__1gvim5n26n properties_fontWeight_regular__1gvim5n1o7 Nav__1rx4d8zj Nav_subLink_isDisabled_true__1rx4d8zm properties_opacity_0.5__1gvim5n1pd properties_cursor_not-allowed__1gvim5n1n3 properties_pointerEvents_none__1gvim5n1ov"
                data-ictinus="test-version"
                role="link"
              >
                <svg
                  aria-hidden="true"
                  class="Nav_subLinkStatusIndicator__1rx4d8zo Nav__1rx4d8zn properties_flexShrink_0_base__1gvim5noa properties_height_4_base__1gvim5n7m properties_width_4_base__1gvim5n4a"
                  data-ictinus="test-version"
                  data-slot="icon"
                  role="img"
                  viewBox="0 0 20 20"
                  xmlns="http://www.w3.org/2000/svg"
                >
                  <rect
                    fill="currentColor"
                    height="6"
                    rx="3"
                    width="6"
                    x="7"
                    y="7"
                  />
                </svg>
                Sub-tab 3
              </a>
            </li>
          </ul>
        </li>
        <li
          class="Nav_navItem__1rx4d8z5 Nav__1rx4d8z2 properties_position_relative_base__1gvim5noq properties_isolation_isolate__1gvim5n1or properties_display_inline-flex_base__1gvim5n2m properties_flexDirection_column_base__1gvim5nnu"
          data-ictinus="test-version"
        >
          <a
            aria-disabled="false"
            class="Nav_navLink__1rx4d8z9 Nav__1rx4d8z8 properties_paddingLeft_lg_base__1gvim5n1dy properties_paddingRight_lg_base__1gvim5n1gi properties_paddingTop_md_base__1gvim5n1iy properties_paddingBottom_md_base__1gvim5n1ba properties_position_relative_base__1gvim5noq properties_isolation_isolate__1gvim5n1or properties_display_inline-flex_base__1gvim5n2m properties_alignItems_center_base__1gvim5n6 properties_typography_label01__1gvim5n1nz properties_color_primary_base__1gvim5n26n properties_gap_sm_base__1gvim5nqq properties_fontWeight_regular__1gvim5n1o7"
            data-ictinus="test-version"
            href="#geller"
            role="link"
          >
            Geller
          </a>
        </li>
        <li
          class="Nav_navItem__1rx4d8z5 Nav__1rx4d8z2 Nav_navItem_isDisabled_true__1rx4d8z6 Nav__1rx4d8z3 properties_position_relative_base__1gvim5noq properties_isolation_isolate__1gvim5n1or properties_display_inline-flex_base__1gvim5n2m properties_flexDirection_column_base__1gvim5nnu"
          data-ictinus="test-version"
        >
          <a
            aria-disabled="true"
            class="Nav_navLink__1rx4d8z9 Nav__1rx4d8z8 Nav_navLink_isDisabled_true__1rx4d8zb properties_paddingLeft_lg_base__1gvim5n1dy properties_paddingRight_lg_base__1gvim5n1gi properties_paddingTop_md_base__1gvim5n1iy properties_paddingBottom_md_base__1gvim5n1ba properties_position_relative_base__1gvim5noq properties_isolation_isolate__1gvim5n1or properties_display_inline-flex_base__1gvim5n2m properties_alignItems_center_base__1gvim5n6 properties_typography_label01__1gvim5n1nz properties_color_primary_base__1gvim5n26n properties_gap_sm_base__1gvim5nqq properties_fontWeight_regular__1gvim5n1o7 properties_opacity_0.5__1gvim5n1pd properties_cursor_not-allowed__1gvim5n1n3 properties_pointerEvents_none__1gvim5n1ov"
            data-ictinus="test-version"
            role="link"
          >
            Green
          </a>
          <ul
            class="Nav_subList__1rx4d8zg properties_paddingBottom_md_base__1gvim5n1ba properties_paddingLeft_lg_base__1gvim5n1dy properties_display_inline-flex_base__1gvim5n2m properties_flexDirection_column_base__1gvim5nnu Nav__1rx4d8zf"
            data-ictinus="test-version"
          >
            <li
              class="Nav_subItem__1rx4d8zh properties_position_relative_base__1gvim5noq properties_isolation_isolate__1gvim5n1or properties_display_inline-flex_base__1gvim5n2m properties_alignItems_center_base__1gvim5n6 properties_gap_sm_base__1gvim5nqq"
              data-ictinus="test-version"
              tabindex="0"
            >
              <a
                aria-disabled="true"
                class="Nav_subLink__1rx4d8zk Nav__1rx4d8zi properties_position_relative_base__1gvim5noq properties_isolation_isolate__1gvim5n1or properties_display_inline-flex_base__1gvim5n2m properties_alignItems_center_base__1gvim5n6 properties_gap_sm_base__1gvim5nqq properties_typography_label02__1gvim5n1o0 properties_color_primary_base__1gvim5n26n properties_fontWeight_regular__1gvim5n1o7 Nav__1rx4d8zj Nav_subLink_isDisabled_true__1rx4d8zm properties_opacity_0.5__1gvim5n1pd properties_cursor_not-allowed__1gvim5n1n3 properties_pointerEvents_none__1gvim5n1ov"
                data-ictinus="test-version"
                role="link"
              >
                <svg
                  aria-hidden="true"
                  class="Nav_subLinkStatusIndicator__1rx4d8zo Nav__1rx4d8zn properties_flexShrink_0_base__1gvim5noa properties_height_4_base__1gvim5n7m properties_width_4_base__1gvim5n4a"
                  data-ictinus="test-version"
                  data-slot="icon"
                  role="img"
                  viewBox="0 0 20 20"
                  xmlns="http://www.w3.org/2000/svg"
                >
                  <rect
                    fill="currentColor"
                    height="6"
                    rx="3"
                    width="6"
                    x="7"
                    y="7"
                  />
                </svg>
                Sub-tab 1
                <svg
                  class="properties_height_4_base__1gvim5n7m properties_width_4_base__1gvim5n4a properties_flexShrink_0_base__1gvim5noa"
                  data-ictinus="test-version"
                  data-slot="icon"
                  role="img"
                  viewBox="0 0 20 20"
                  xmlns="http://www.w3.org/2000/svg"
                >
                  <path
                    d="M7.63053 14.4626L8.86819 15.567C9.18185 15.8578 9.55912 16.0021 10 16C10.4409 15.9979 10.8181 15.8514 11.1318 15.5606L12.3865 14.4396C13.4799 13.4526 14.5222 12.4249 15.5133 11.3566C16.5044 10.2883 17 9.09611 17 7.78C17 6.7066 16.6238 5.80825 15.8715 5.08495C15.1191 4.36165 14.1955 4 13.1006 4C12.479 4 11.901 4.13157 11.3664 4.39471C10.8319 4.65786 10.3764 4.99475 10 5.4054C9.6236 4.99475 9.16812 4.65786 8.63359 4.39471C8.09904 4.13157 7.52099 4 6.89943 4C5.80454 4 4.88091 4.36165 4.12855 5.08495C3.37618 5.80825 3 6.7066 3 7.78C3 9.08335 3.48466 10.266 4.45398 11.3279C5.4233 12.3898 6.48215 13.4347 7.63053 14.4626Z"
                    fill="currentColor"
                  />
                </svg>
              </a>
            </li>
            <li
              class="Nav_subItem__1rx4d8zh properties_position_relative_base__1gvim5noq properties_isolation_isolate__1gvim5n1or properties_display_inline-flex_base__1gvim5n2m properties_alignItems_center_base__1gvim5n6 properties_gap_sm_base__1gvim5nqq"
              data-ictinus="test-version"
            >
              <a
                aria-disabled="true"
                class="Nav_subLink__1rx4d8zk Nav__1rx4d8zi properties_position_relative_base__1gvim5noq properties_isolation_isolate__1gvim5n1or properties_display_inline-flex_base__1gvim5n2m properties_alignItems_center_base__1gvim5n6 properties_gap_sm_base__1gvim5nqq properties_typography_label02__1gvim5n1o0 properties_color_primary_base__1gvim5n26n properties_fontWeight_regular__1gvim5n1o7 Nav__1rx4d8zj Nav_subLink_isDisabled_true__1rx4d8zm properties_opacity_0.5__1gvim5n1pd properties_cursor_not-allowed__1gvim5n1n3 properties_pointerEvents_none__1gvim5n1ov"
                data-ictinus="test-version"
                role="link"
              >
                <svg
                  aria-hidden="true"
                  class="Nav_subLinkStatusIndicator__1rx4d8zo Nav__1rx4d8zn properties_flexShrink_0_base__1gvim5noa properties_height_4_base__1gvim5n7m properties_width_4_base__1gvim5n4a"
                  data-ictinus="test-version"
                  data-slot="icon"
                  role="img"
                  viewBox="0 0 20 20"
                  xmlns="http://www.w3.org/2000/svg"
                >
                  <rect
                    fill="currentColor"
                    height="6"
                    rx="3"
                    width="6"
                    x="7"
                    y="7"
                  />
                </svg>
                Sub-tab 2
              </a>
            </li>
            <li
              class="Nav_subItem__1rx4d8zh properties_position_relative_base__1gvim5noq properties_isolation_isolate__1gvim5n1or properties_display_inline-flex_base__1gvim5n2m properties_alignItems_center_base__1gvim5n6 properties_gap_sm_base__1gvim5nqq"
              data-ictinus="test-version"
            >
              <a
                aria-disabled="true"
                class="Nav_subLink__1rx4d8zk Nav__1rx4d8zi properties_position_relative_base__1gvim5noq properties_isolation_isolate__1gvim5n1or properties_display_inline-flex_base__1gvim5n2m properties_alignItems_center_base__1gvim5n6 properties_gap_sm_base__1gvim5nqq properties_typography_label02__1gvim5n1o0 properties_color_primary_base__1gvim5n26n properties_fontWeight_regular__1gvim5n1o7 Nav__1rx4d8zj Nav_subLink_isDisabled_true__1rx4d8zm properties_opacity_0.5__1gvim5n1pd properties_cursor_not-allowed__1gvim5n1n3 properties_pointerEvents_none__1gvim5n1ov"
                data-ictinus="test-version"
                role="link"
              >
                <svg
                  aria-hidden="true"
                  class="Nav_subLinkStatusIndicator__1rx4d8zo Nav__1rx4d8zn properties_flexShrink_0_base__1gvim5noa properties_height_4_base__1gvim5n7m properties_width_4_base__1gvim5n4a"
                  data-ictinus="test-version"
                  data-slot="icon"
                  role="img"
                  viewBox="0 0 20 20"
                  xmlns="http://www.w3.org/2000/svg"
                >
                  <rect
                    fill="currentColor"
                    height="6"
                    rx="3"
                    width="6"
                    x="7"
                    y="7"
                  />
                </svg>
                Sub-tab 3
              </a>
            </li>
          </ul>
        </li>
        <li
          class="Nav_navItem__1rx4d8z5 Nav__1rx4d8z2 properties_position_relative_base__1gvim5noq properties_isolation_isolate__1gvim5n1or properties_display_inline-flex_base__1gvim5n2m properties_flexDirection_column_base__1gvim5nnu"
          data-ictinus="test-version"
        >
          <a
            aria-disabled="false"
            class="Nav_navLink__1rx4d8z9 Nav__1rx4d8z8 properties_paddingLeft_lg_base__1gvim5n1dy properties_paddingRight_lg_base__1gvim5n1gi properties_paddingTop_md_base__1gvim5n1iy properties_paddingBottom_md_base__1gvim5n1ba properties_position_relative_base__1gvim5noq properties_isolation_isolate__1gvim5n1or properties_display_inline-flex_base__1gvim5n2m properties_alignItems_center_base__1gvim5n6 properties_typography_label01__1gvim5n1nz properties_color_primary_base__1gvim5n26n properties_gap_sm_base__1gvim5nqq properties_fontWeight_regular__1gvim5n1o7"
            data-discover="true"
            data-ictinus="test-version"
            href="/#tribbiani"
            role="link"
          >
            Tribbiani
          </a>
        </li>
      </ul>
    </nav>
  </div>
</div>