<div>
  <div
    class="properties_display_flex_base__1gvim5n2c properties_flexDirection_column_base__1gvim5nk8 properties_gap_lg_base__1gvim5nnc"
    data-ictinus="test-version"
  >
    <h1
      class="Text__1jj2fjs6 properties_typography_headline01__1gvim5n1k3"
      data-ictinus="test-version"
    >
      Headline 01 - H1
    </h1>
    <h2
      class="Text__1jj2fjs6 properties_typography_headline02__1gvim5n1k4"
      data-ictinus="test-version"
    >
      Headline 02 - H2
    </h2>
    <h3
      class="Text__1jj2fjs6 properties_typography_headline03__1gvim5n1k5"
      data-ictinus="test-version"
    >
      Headline 03 - H3
    </h3>
    <h4
      class="Text__1jj2fjs6 properties_typography_headline04__1gvim5n1k6"
      data-ictinus="test-version"
    >
      Headline 04 - H4
    </h4>
    <h5
      class="Text__1jj2fjs6 properties_typography_headline05__1gvim5n1k7"
      data-ictinus="test-version"
    >
      Headline 05 - H5
    </h5>
    <h6
      class="Text__1jj2fjs6 properties_typography_title01__1gvim5n1k8"
      data-ictinus="test-version"
    >
      Title 01 - H6
    </h6>
    <h6
      class="Text__1jj2fjs6 properties_typography_title02__1gvim5n1k9"
      data-ictinus="test-version"
    >
      Title 02 - H6
    </h6>
    <h6
      class="Text__1jj2fjs6 properties_typography_title03__1gvim5n1ka"
      data-ictinus="test-version"
    >
      Title 03 - H6
    </h6>
    <span
      class="Text__1jj2fjs6 properties_typography_label01__1gvim5n1kb"
      data-ictinus="test-version"
    >
      Label 01 - SPAN
    </span>
    <span
      class="Text__1jj2fjs6 properties_typography_label02__1gvim5n1kc"
      data-ictinus="test-version"
    >
      Label 02 - SPAN
    </span>
    <span
      class="Text__1jj2fjs6 properties_typography_label03__1gvim5n1kd"
      data-ictinus="test-version"
    >
      Label 03 - SPAN
    </span>
    <p
      class="Text__1jj2fjs6 properties_typography_body01__1gvim5n1kf"
      data-ictinus="test-version"
    >
      Body 01 - P
    </p>
    <p
      class="Text__1jj2fjs6 properties_typography_body02__1gvim5n1kg"
      data-ictinus="test-version"
    >
      Body 02 - P
    </p>
    <p
      class="Text__1jj2fjs6 properties_typography_body03__1gvim5n1kh"
      data-ictinus="test-version"
    >
      Body 03 - P
    </p>
    <p
      class="Text__1jj2fjs6 properties_typography_body04__1gvim5n1ki"
      data-ictinus="test-version"
    >
      Body 04 - P
    </p>
  </div>
</div>