// Jest Snapshot v1, https://goo.gl/fbAQLP

exports[`MonthWrapper should render correctly 1`] = `
.emotion-0 {
  display: -webkit-box;
  display: -webkit-flex;
  display: -ms-flexbox;
  display: flex;
  -webkit-flex-direction: column;
  -ms-flex-direction: column;
  flex-direction: column;
}

.emotion-1 {
  display: -webkit-box;
  display: -webkit-flex;
  display: -ms-flexbox;
  display: flex;
  -webkit-align-content: center;
  -ms-flex-line-pack: center;
  align-content: center;
  -webkit-box-pack: center;
  -ms-flex-pack: center;
  -webkit-justify-content: center;
  justify-content: center;
  position: relative;
}

.emotion-2 {
  cursor: pointer;
  margin: auto 5px;
  position: absolute;
  left: 0;
  top: 0;
  bottom: 0;
  height: -webkit-fit-content;
  height: -moz-fit-content;
  height: fit-content;
  z-index: 10;
}

.emotion-3 {
  padding: 0.125rem;
  display: -webkit-box;
  display: -webkit-flex;
  display: -ms-flexbox;
  display: flex;
  -webkit-align-items: center;
  -webkit-box-align: center;
  -ms-flex-align: center;
  align-items: center;
  -webkit-box-pack: center;
  -ms-flex-pack: center;
  -webkit-justify-content: center;
  justify-content: center;
}

.emotion-4 {
  fill: #5f6c85;
  width: 1.5625rem;
  height: 1.5625rem;
}

.emotion-4 path {
  fill: #5f6c85;
}

.emotion-5 {
  padding: 0;
  -webkit-align-content: center;
  -ms-flex-line-pack: center;
  align-content: center;
  text-align: center;
  -webkit-flex: 1;
  -ms-flex: 1;
  flex: 1;
  display: -webkit-box;
  display: -webkit-flex;
  display: -ms-flexbox;
  display: flex;
  -webkit-box-pack: center;
  -ms-flex-pack: center;
  -webkit-justify-content: center;
  justify-content: center;
  -webkit-align-items: center;
  -webkit-box-align: center;
  -ms-flex-align: center;
  align-items: center;
  position: relative;
}

.emotion-6 {
  margin: 0 0.5rem;
  padding: 0.5rem;
  display: -webkit-box;
  display: -webkit-flex;
  display: -ms-flexbox;
  display: flex;
  -webkit-box-pack: center;
  -ms-flex-pack: center;
  -webkit-justify-content: center;
  justify-content: center;
  cursor: pointer;
}

.emotion-7 {
  font-size: 1rem;
  font-weight: 500;
  color: #0e0e17;
  background-color: #fdfdfd;
  padding: 0.5rem 1rem;
  height: 2.875rem;
  opacity: 1;
  border-radius: 0.25rem;
  border: none;
  cursor: pointer;
  -webkit-transition: background-color 150ms linear;
  transition: background-color 150ms linear;
}

.emotion-7:hover {
  background-color: #e4e4e4;
}

.emotion-7:active {
  background-color: #cacaca;
}

.emotion-8 {
  display: -webkit-box;
  display: -webkit-flex;
  display: -ms-flexbox;
  display: flex;
  -webkit-align-items: center;
  -webkit-box-align: center;
  -ms-flex-align: center;
  align-items: center;
}

.emotion-9 {
  margin-left: 0;
  margin-right: 0.5rem;
}

.emotion-10 {
  display: -webkit-inline-box;
  display: -webkit-inline-flex;
  display: -ms-inline-flexbox;
  display: inline-flex;
}

.emotion-12 {
  fill: #232336;
  width: 0.625rem;
  height: 0.625rem;
}

.emotion-12 path {
  fill: #232336;
}

.emotion-13 {
  cursor: pointer;
  margin: auto 5px;
  position: absolute;
  right: 0;
  top: 0;
  bottom: 0;
  height: -webkit-fit-content;
  height: -moz-fit-content;
  height: fit-content;
  z-index: 10;
}

.emotion-16 {
  display: -webkit-box;
  display: -webkit-flex;
  display: -ms-flexbox;
  display: flex;
  -webkit-box-pack: space-around;
  -ms-flex-pack: space-around;
  -webkit-justify-content: space-around;
  justify-content: space-around;
  border-top: 1px solid;
  border-bottom: 1px solid;
  border-color: #c3cddf;
}

.emotion-17 {
  color: #5f6c85;
  padding: 1rem 0;
  width: 39px;
  font-size: 0.875rem;
  text-align: center;
}

.emotion-24 {
  border-collapse: separate;
  border-spacing: 0 0.5rem;
}

.emotion-25 {
  vertical-align: middle;
  text-align: center;
  cursor: pointer;
  position: relative;
  color: #0e0e17;
  width: 40px;
  padding: 0 4px;
  opacity: 1;
}

.emotion-26 {
  border: 1px solid transparent;
  width: 39px;
  height: 39px;
  display: -webkit-box;
  display: -webkit-flex;
  display: -ms-flexbox;
  display: flex;
  -webkit-align-items: center;
  -webkit-box-align: center;
  -ms-flex-align: center;
  align-items: center;
  -webkit-box-pack: center;
  -ms-flex-pack: center;
  -webkit-justify-content: center;
  justify-content: center;
  background: transparent;
}

.emotion-26:hover {
  border-radius: 100%;
  background: #f7f7f7;
}

.emotion-27 {
  vertical-align: middle;
  text-align: center;
  cursor: pointer;
  position: relative;
  color: #0e0e17;
  width: 40px;
  padding: 0 4px;
  font-weight: bold;
  opacity: 1;
}

.emotion-28 {
  border: 1px solid #cfcfcf;
  border-radius: 100%;
  width: 39px;
  height: 39px;
  display: -webkit-box;
  display: -webkit-flex;
  display: -ms-flexbox;
  display: flex;
  -webkit-align-items: center;
  -webkit-box-align: center;
  -ms-flex-align: center;
  align-items: center;
  -webkit-box-pack: center;
  -ms-flex-pack: center;
  -webkit-justify-content: center;
  justify-content: center;
  background: transparent;
}

.emotion-28:hover {
  border-radius: 100%;
  background: #f7f7f7;
}

.emotion-29 {
  vertical-align: middle;
  text-align: center;
  cursor: pointer;
  position: relative;
  color: #0e0e17;
  width: 40px;
  padding: 0 4px;
  opacity: 1;
  background: transparent;
  border-bottom-left-radius: 100%;
  border-top-left-radius: 100%;
}

.emotion-29:after {
  content: ' ';
  height: 100%;
  width: 50%;
  position: absolute;
  top: 0;
  background: rgba(0,0,0,0.1);
  left: initial;
  right: 0;
  border-bottom-right-radius: false;
  border-top-right-radius: false;
  border-bottom-left-radius: 100%;
  border-top-left-radius: 100%;
}

.emotion-30 {
  border: 1px solid transparent;
  border-radius: 100%;
  width: 39px;
  height: 39px;
  display: -webkit-box;
  display: -webkit-flex;
  display: -ms-flexbox;
  display: flex;
  -webkit-align-items: center;
  -webkit-box-align: center;
  -ms-flex-align: center;
  align-items: center;
  -webkit-box-pack: center;
  -ms-flex-pack: center;
  -webkit-justify-content: center;
  justify-content: center;
  background: #000;
}

.emotion-30:hover {
  border-radius: 100%;
  background: false;
}

.emotion-31 {
  vertical-align: middle;
  text-align: center;
  cursor: pointer;
  position: relative;
  color: #0e0e17;
  width: 40px;
  padding: 0 4px;
  opacity: 1;
  background: rgba(0,0,0,0.1);
}

.emotion-83 {
  vertical-align: middle;
  text-align: center;
  cursor: pointer;
  position: relative;
}

.emotion-0 {
  display: -webkit-box;
  display: -webkit-flex;
  display: -ms-flexbox;
  display: flex;
  -webkit-flex-direction: column;
  -ms-flex-direction: column;
  flex-direction: column;
}

.emotion-1 {
  display: -webkit-box;
  display: -webkit-flex;
  display: -ms-flexbox;
  display: flex;
  -webkit-align-content: center;
  -ms-flex-line-pack: center;
  align-content: center;
  -webkit-box-pack: center;
  -ms-flex-pack: center;
  -webkit-justify-content: center;
  justify-content: center;
  position: relative;
}

.emotion-2 {
  cursor: pointer;
  margin: auto 5px;
  position: absolute;
  left: 0;
  top: 0;
  bottom: 0;
  height: -webkit-fit-content;
  height: -moz-fit-content;
  height: fit-content;
  z-index: 10;
}

.emotion-3 {
  padding: 0.125rem;
  display: -webkit-box;
  display: -webkit-flex;
  display: -ms-flexbox;
  display: flex;
  -webkit-align-items: center;
  -webkit-box-align: center;
  -ms-flex-align: center;
  align-items: center;
  -webkit-box-pack: center;
  -ms-flex-pack: center;
  -webkit-justify-content: center;
  justify-content: center;
}

.emotion-4 {
  fill: #5f6c85;
  width: 1.5625rem;
  height: 1.5625rem;
}

.emotion-4 path {
  fill: #5f6c85;
}

.emotion-5 {
  padding: 0;
  -webkit-align-content: center;
  -ms-flex-line-pack: center;
  align-content: center;
  text-align: center;
  -webkit-flex: 1;
  -ms-flex: 1;
  flex: 1;
  display: -webkit-box;
  display: -webkit-flex;
  display: -ms-flexbox;
  display: flex;
  -webkit-box-pack: center;
  -ms-flex-pack: center;
  -webkit-justify-content: center;
  justify-content: center;
  -webkit-align-items: center;
  -webkit-box-align: center;
  -ms-flex-align: center;
  align-items: center;
  position: relative;
}

.emotion-6 {
  margin: 0 0.5rem;
  padding: 0.5rem;
  display: -webkit-box;
  display: -webkit-flex;
  display: -ms-flexbox;
  display: flex;
  -webkit-box-pack: center;
  -ms-flex-pack: center;
  -webkit-justify-content: center;
  justify-content: center;
  cursor: pointer;
}

.emotion-7 {
  font-size: 1rem;
  font-weight: 500;
  color: #0e0e17;
  background-color: #fdfdfd;
  padding: 0.5rem 1rem;
  height: 2.875rem;
  opacity: 1;
  border-radius: 0.25rem;
  border: none;
  cursor: pointer;
  -webkit-transition: background-color 150ms linear;
  transition: background-color 150ms linear;
}

.emotion-7:hover {
  background-color: #e4e4e4;
}

.emotion-7:active {
  background-color: #cacaca;
}

.emotion-8 {
  display: -webkit-box;
  display: -webkit-flex;
  display: -ms-flexbox;
  display: flex;
  -webkit-align-items: center;
  -webkit-box-align: center;
  -ms-flex-align: center;
  align-items: center;
}

.emotion-9 {
  margin-left: 0;
  margin-right: 0.5rem;
}

.emotion-10 {
  display: -webkit-inline-box;
  display: -webkit-inline-flex;
  display: -ms-inline-flexbox;
  display: inline-flex;
}

.emotion-12 {
  fill: #232336;
  width: 0.625rem;
  height: 0.625rem;
}

.emotion-12 path {
  fill: #232336;
}

.emotion-13 {
  cursor: pointer;
  margin: auto 5px;
  position: absolute;
  right: 0;
  top: 0;
  bottom: 0;
  height: -webkit-fit-content;
  height: -moz-fit-content;
  height: fit-content;
  z-index: 10;
}

.emotion-16 {
  display: -webkit-box;
  display: -webkit-flex;
  display: -ms-flexbox;
  display: flex;
  -webkit-box-pack: space-around;
  -ms-flex-pack: space-around;
  -webkit-justify-content: space-around;
  justify-content: space-around;
  border-top: 1px solid;
  border-bottom: 1px solid;
  border-color: #c3cddf;
}

.emotion-17 {
  color: #5f6c85;
  padding: 1rem 0;
  width: 39px;
  font-size: 0.875rem;
  text-align: center;
}

.emotion-24 {
  border-collapse: separate;
  border-spacing: 0 0.5rem;
}

.emotion-25 {
  vertical-align: middle;
  text-align: center;
  cursor: pointer;
  position: relative;
  color: #0e0e17;
  width: 40px;
  padding: 0 4px;
  opacity: 1;
}

.emotion-26 {
  border: 1px solid transparent;
  width: 39px;
  height: 39px;
  display: -webkit-box;
  display: -webkit-flex;
  display: -ms-flexbox;
  display: flex;
  -webkit-align-items: center;
  -webkit-box-align: center;
  -ms-flex-align: center;
  align-items: center;
  -webkit-box-pack: center;
  -ms-flex-pack: center;
  -webkit-justify-content: center;
  justify-content: center;
  background: transparent;
}

.emotion-26:hover {
  border-radius: 100%;
  background: #f7f7f7;
}

.emotion-27 {
  vertical-align: middle;
  text-align: center;
  cursor: pointer;
  position: relative;
  color: #0e0e17;
  width: 40px;
  padding: 0 4px;
  font-weight: bold;
  opacity: 1;
}

.emotion-28 {
  border: 1px solid #cfcfcf;
  border-radius: 100%;
  width: 39px;
  height: 39px;
  display: -webkit-box;
  display: -webkit-flex;
  display: -ms-flexbox;
  display: flex;
  -webkit-align-items: center;
  -webkit-box-align: center;
  -ms-flex-align: center;
  align-items: center;
  -webkit-box-pack: center;
  -ms-flex-pack: center;
  -webkit-justify-content: center;
  justify-content: center;
  background: transparent;
}

.emotion-28:hover {
  border-radius: 100%;
  background: #f7f7f7;
}

.emotion-29 {
  vertical-align: middle;
  text-align: center;
  cursor: pointer;
  position: relative;
  color: #0e0e17;
  width: 40px;
  padding: 0 4px;
  opacity: 1;
  background: transparent;
  border-bottom-left-radius: 100%;
  border-top-left-radius: 100%;
}

.emotion-29:after {
  content: ' ';
  height: 100%;
  width: 50%;
  position: absolute;
  top: 0;
  background: rgba(0,0,0,0.1);
  left: initial;
  right: 0;
  border-bottom-right-radius: false;
  border-top-right-radius: false;
  border-bottom-left-radius: 100%;
  border-top-left-radius: 100%;
}

.emotion-30 {
  border: 1px solid transparent;
  border-radius: 100%;
  width: 39px;
  height: 39px;
  display: -webkit-box;
  display: -webkit-flex;
  display: -ms-flexbox;
  display: flex;
  -webkit-align-items: center;
  -webkit-box-align: center;
  -ms-flex-align: center;
  align-items: center;
  -webkit-box-pack: center;
  -ms-flex-pack: center;
  -webkit-justify-content: center;
  justify-content: center;
  background: #000;
}

.emotion-30:hover {
  border-radius: 100%;
  background: false;
}

.emotion-31 {
  vertical-align: middle;
  text-align: center;
  cursor: pointer;
  position: relative;
  color: #0e0e17;
  width: 40px;
  padding: 0 4px;
  opacity: 1;
  background: rgba(0,0,0,0.1);
}

.emotion-83 {
  vertical-align: middle;
  text-align: center;
  cursor: pointer;
  position: relative;
}

<div>
  <div
    class="emotion-0"
  >
    <div
      class="emotion-1"
    >
      <div
        class="emotion-2"
      >
        <span
          class="emotion-3"
        >
          <span
            class="emotion-4"
          />
        </span>
      </div>
      <div
        role="button"
      >
        <div
          class="emotion-5"
        >
          <div
            class="emotion-6"
          >
            <button
              class="emotion-7"
              data-testid="button"
            >
              <span
                class="emotion-8"
              >
                <span
                  class="emotion-9"
                >
                  November
                   
                  2020
                </span>
                <span
                  class="emotion-10"
                >
                  <span
                    class="emotion-3"
                  >
                    <span
                      class="emotion-12"
                    />
                  </span>
                </span>
              </span>
            </button>
          </div>
        </div>
        <div
          class="emotion-13"
        >
          <span
            class="emotion-3"
          >
            <span
              class="emotion-4"
            />
          </span>
        </div>
      </div>
    </div>
    <div
      class="emotion-16"
    >
      <div
        class="emotion-17"
      >
        Mo
      </div>
      <div
        class="emotion-17"
      >
        Tu
      </div>
      <div
        class="emotion-17"
      >
        We
      </div>
      <div
        class="emotion-17"
      >
        Th
      </div>
      <div
        class="emotion-17"
      >
        Fr
      </div>
      <div
        class="emotion-17"
      >
        Sa
      </div>
      <div
        class="emotion-17"
      >
        Su
      </div>
    </div>
    <table
      class="emotion-24"
    >
      <tbody>
        <tr>
          <td
            style="padding: 0px;"
          >
            <div
              class="emotion-25"
            >
              <div
                class="emotion-26"
              >
                2
              </div>
            </div>
          </td>
          <td
            style="padding: 0px;"
          >
            <div
              class="emotion-27"
            >
              <div
                class="emotion-28"
              >
                3
              </div>
            </div>
          </td>
          <td
            style="padding: 0px;"
          >
            <div
              class="emotion-29"
            >
              <div
                class="emotion-30"
              >
                4
              </div>
            </div>
          </td>
          <td
            style="padding: 0px;"
          >
            <div
              class="emotion-31"
            >
              <div
                class="emotion-26"
              >
                5
              </div>
            </div>
          </td>
          <td
            style="padding: 0px;"
          >
            <div
              class="emotion-31"
            >
              <div
                class="emotion-26"
              >
                6
              </div>
            </div>
          </td>
          <td
            style="padding: 0px;"
          >
            <div
              class="emotion-31"
            >
              <div
                class="emotion-26"
              >
                7
              </div>
            </div>
          </td>
          <td
            style="padding: 0px;"
          >
            <div
              class="emotion-31"
            >
              <div
                class="emotion-26"
              >
                8
              </div>
            </div>
          </td>
        </tr>
        <tr>
          <td
            style="padding: 0px;"
          >
            <div
              class="emotion-31"
            >
              <div
                class="emotion-26"
              >
                9
              </div>
            </div>
          </td>
          <td
            style="padding: 0px;"
          >
            <div
              class="emotion-31"
            >
              <div
                class="emotion-26"
              >
                10
              </div>
            </div>
          </td>
          <td
            style="padding: 0px;"
          >
            <div
              class="emotion-31"
            >
              <div
                class="emotion-26"
              >
                11
              </div>
            </div>
          </td>
          <td
            style="padding: 0px;"
          >
            <div
              class="emotion-31"
            >
              <div
                class="emotion-26"
              >
                12
              </div>
            </div>
          </td>
          <td
            style="padding: 0px;"
          >
            <div
              class="emotion-31"
            >
              <div
                class="emotion-26"
              >
                13
              </div>
            </div>
          </td>
          <td
            style="padding: 0px;"
          >
            <div
              class="emotion-31"
            >
              <div
                class="emotion-26"
              >
                14
              </div>
            </div>
          </td>
          <td
            style="padding: 0px;"
          >
            <div
              class="emotion-31"
            >
              <div
                class="emotion-26"
              >
                15
              </div>
            </div>
          </td>
        </tr>
        <tr>
          <td
            style="padding: 0px;"
          >
            <div
              class="emotion-31"
            >
              <div
                class="emotion-26"
              >
                16
              </div>
            </div>
          </td>
          <td
            style="padding: 0px;"
          >
            <div
              class="emotion-31"
            >
              <div
                class="emotion-26"
              >
                17
              </div>
            </div>
          </td>
          <td
            style="padding: 0px;"
          >
            <div
              class="emotion-31"
            >
              <div
                class="emotion-26"
              >
                18
              </div>
            </div>
          </td>
          <td
            style="padding: 0px;"
          >
            <div
              class="emotion-31"
            >
              <div
                class="emotion-26"
              >
                19
              </div>
            </div>
          </td>
          <td
            style="padding: 0px;"
          >
            <div
              class="emotion-31"
            >
              <div
                class="emotion-26"
              >
                20
              </div>
            </div>
          </td>
          <td
            style="padding: 0px;"
          >
            <div
              class="emotion-31"
            >
              <div
                class="emotion-26"
              >
                21
              </div>
            </div>
          </td>
          <td
            style="padding: 0px;"
          >
            <div
              class="emotion-31"
            >
              <div
                class="emotion-26"
              >
                22
              </div>
            </div>
          </td>
        </tr>
        <tr>
          <td
            style="padding: 0px;"
          >
            <div
              class="emotion-31"
            >
              <div
                class="emotion-26"
              >
                23
              </div>
            </div>
          </td>
          <td
            style="padding: 0px;"
          >
            <div
              class="emotion-31"
            >
              <div
                class="emotion-26"
              >
                24
              </div>
            </div>
          </td>
          <td
            style="padding: 0px;"
          >
            <div
              class="emotion-31"
            >
              <div
                class="emotion-26"
              >
                25
              </div>
            </div>
          </td>
          <td
            style="padding: 0px;"
          >
            <div
              class="emotion-31"
            >
              <div
                class="emotion-26"
              >
                26
              </div>
            </div>
          </td>
          <td
            style="padding: 0px;"
          >
            <div
              class="emotion-31"
            >
              <div
                class="emotion-26"
              >
                27
              </div>
            </div>
          </td>
          <td
            style="padding: 0px;"
          >
            <div
              class="emotion-31"
            >
              <div
                class="emotion-26"
              >
                28
              </div>
            </div>
          </td>
          <td
            style="padding: 0px;"
          >
            <div
              class="emotion-31"
            >
              <div
                class="emotion-26"
              >
                29
              </div>
            </div>
          </td>
        </tr>
        <tr>
          <td
            style="padding: 0px;"
          >
            <div
              class="emotion-31"
            >
              <div
                class="emotion-26"
              >
                30
              </div>
            </div>
          </td>
          <td
            class="emotion-83"
          />
          <td
            class="emotion-83"
          />
          <td
            class="emotion-83"
          />
          <td
            class="emotion-83"
          />
          <td
            class="emotion-83"
          />
          <td
            class="emotion-83"
          />
        </tr>
      </tbody>
    </table>
  </div>
</div>
`;
