// Jest Snapshot v1, https://goo.gl/fbAQLP

exports[`Design System/Chart BarChart smoke-test 1`] = `
.emotion-0 {
  -webkit-flex-direction: column;
  -ms-flex-direction: column;
  flex-direction: column;
  -webkit-flex: 1;
  -ms-flex: 1;
  flex: 1;
  position: relative;
  padding: 0.25rem;
}

.emotion-1 {
  margin: 1rem;
}

.emotion-2 {
  width: inherit;
  height: inherit;
  color: black;
  white-space: nowrap;
  overflow: hidden;
  text-overflow: ellipsis;
}

.emotion-11 {
  width: inherit;
  height: inherit;
  color: #9b9b9b;
  white-space: nowrap;
  overflow: hidden;
  text-overflow: ellipsis;
}

<html>
  <head />
  <body>
    <span
      class="emotion-0"
    >
      <span
        class="emotion-1"
      >
        <div
          style="width: 1000px; height: 500px;"
        >
          <div
            class="recharts-responsive-container"
            height="500"
            style="width: 100%; height: 100%; min-width: 0px;"
            width="1000"
          >
            <div
              class="recharts-wrapper"
              role="region"
              style="position: relative; cursor: default; width: 1000px; height: 500px;"
            >
              <svg
                class="recharts-surface"
                height="500"
                viewBox="0 0 1000 500"
                width="1000"
              >
                <title />
                <desc />
                <defs>
                  <clippath
                    id="recharts11-clip"
                  >
                    <rect
                      height="450"
                      width="760"
                      x="180"
                      y="5"
                    />
                  </clippath>
                </defs>
                <g
                  class="recharts-cartesian-grid"
                >
                  <g
                    class="recharts-cartesian-grid-vertical"
                  >
                    <line
                      fill="none"
                      height="450"
                      stroke="#ccc"
                      width="760"
                      x="180"
                      x1="180"
                      x2="180"
                      y="5"
                      y1="5"
                      y2="455"
                    />
                    <line
                      fill="none"
                      height="450"
                      stroke="#ccc"
                      width="760"
                      x="180"
                      x1="264.44444444444446"
                      x2="264.44444444444446"
                      y="5"
                      y1="5"
                      y2="455"
                    />
                    <line
                      fill="none"
                      height="450"
                      stroke="#ccc"
                      width="760"
                      x="180"
                      x1="348.8888888888889"
                      x2="348.8888888888889"
                      y="5"
                      y1="5"
                      y2="455"
                    />
                    <line
                      fill="none"
                      height="450"
                      stroke="#ccc"
                      width="760"
                      x="180"
                      x1="433.3333333333333"
                      x2="433.3333333333333"
                      y="5"
                      y1="5"
                      y2="455"
                    />
                    <line
                      fill="none"
                      height="450"
                      stroke="#ccc"
                      width="760"
                      x="180"
                      x1="517.7777777777778"
                      x2="517.7777777777778"
                      y="5"
                      y1="5"
                      y2="455"
                    />
                    <line
                      fill="none"
                      height="450"
                      stroke="#ccc"
                      width="760"
                      x="180"
                      x1="602.2222222222223"
                      x2="602.2222222222223"
                      y="5"
                      y1="5"
                      y2="455"
                    />
                    <line
                      fill="none"
                      height="450"
                      stroke="#ccc"
                      width="760"
                      x="180"
                      x1="686.6666666666666"
                      x2="686.6666666666666"
                      y="5"
                      y1="5"
                      y2="455"
                    />
                    <line
                      fill="none"
                      height="450"
                      stroke="#ccc"
                      width="760"
                      x="180"
                      x1="771.1111111111111"
                      x2="771.1111111111111"
                      y="5"
                      y1="5"
                      y2="455"
                    />
                    <line
                      fill="none"
                      height="450"
                      stroke="#ccc"
                      width="760"
                      x="180"
                      x1="855.5555555555555"
                      x2="855.5555555555555"
                      y="5"
                      y1="5"
                      y2="455"
                    />
                    <line
                      fill="none"
                      height="450"
                      stroke="#ccc"
                      width="760"
                      x="180"
                      x1="940"
                      x2="940"
                      y="5"
                      y1="5"
                      y2="455"
                    />
                  </g>
                </g>
                <g
                  class="recharts-layer recharts-cartesian-axis recharts-xAxis xAxis"
                >
                  <g
                    class="recharts-cartesian-axis-ticks"
                  >
                    <g
                      class="recharts-layer recharts-cartesian-axis-tick"
                    >
                      <text
                        class="recharts-text recharts-cartesian-axis-tick-value"
                        fill="#666"
                        height="30"
                        orientation="bottom"
                        stroke="none"
                        text-anchor="middle"
                        width="760"
                        x="180"
                        y="485"
                      >
                        <tspan
                          dy="0.71em"
                          x="180"
                        >
                          0
                        </tspan>
                      </text>
                    </g>
                    <g
                      class="recharts-layer recharts-cartesian-axis-tick"
                    >
                      <text
                        class="recharts-text recharts-cartesian-axis-tick-value"
                        fill="#666"
                        height="30"
                        orientation="bottom"
                        stroke="none"
                        text-anchor="middle"
                        width="760"
                        x="264.44444444444446"
                        y="485"
                      >
                        <tspan
                          dy="0.71em"
                          x="264.44444444444446"
                        >
                          100K
                        </tspan>
                      </text>
                    </g>
                    <g
                      class="recharts-layer recharts-cartesian-axis-tick"
                    >
                      <text
                        class="recharts-text recharts-cartesian-axis-tick-value"
                        fill="#666"
                        height="30"
                        orientation="bottom"
                        stroke="none"
                        text-anchor="middle"
                        width="760"
                        x="348.8888888888889"
                        y="485"
                      >
                        <tspan
                          dy="0.71em"
                          x="348.8888888888889"
                        >
                          200K
                        </tspan>
                      </text>
                    </g>
                    <g
                      class="recharts-layer recharts-cartesian-axis-tick"
                    >
                      <text
                        class="recharts-text recharts-cartesian-axis-tick-value"
                        fill="#666"
                        height="30"
                        orientation="bottom"
                        stroke="none"
                        text-anchor="middle"
                        width="760"
                        x="433.3333333333333"
                        y="485"
                      >
                        <tspan
                          dy="0.71em"
                          x="433.3333333333333"
                        >
                          300K
                        </tspan>
                      </text>
                    </g>
                    <g
                      class="recharts-layer recharts-cartesian-axis-tick"
                    >
                      <text
                        class="recharts-text recharts-cartesian-axis-tick-value"
                        fill="#666"
                        height="30"
                        orientation="bottom"
                        stroke="none"
                        text-anchor="middle"
                        width="760"
                        x="517.7777777777778"
                        y="485"
                      >
                        <tspan
                          dy="0.71em"
                          x="517.7777777777778"
                        >
                          400K
                        </tspan>
                      </text>
                    </g>
                    <g
                      class="recharts-layer recharts-cartesian-axis-tick"
                    >
                      <text
                        class="recharts-text recharts-cartesian-axis-tick-value"
                        fill="#666"
                        height="30"
                        orientation="bottom"
                        stroke="none"
                        text-anchor="middle"
                        width="760"
                        x="602.2222222222223"
                        y="485"
                      >
                        <tspan
                          dy="0.71em"
                          x="602.2222222222223"
                        >
                          500K
                        </tspan>
                      </text>
                    </g>
                    <g
                      class="recharts-layer recharts-cartesian-axis-tick"
                    >
                      <text
                        class="recharts-text recharts-cartesian-axis-tick-value"
                        fill="#666"
                        height="30"
                        orientation="bottom"
                        stroke="none"
                        text-anchor="middle"
                        width="760"
                        x="686.6666666666666"
                        y="485"
                      >
                        <tspan
                          dy="0.71em"
                          x="686.6666666666666"
                        >
                          600K
                        </tspan>
                      </text>
                    </g>
                    <g
                      class="recharts-layer recharts-cartesian-axis-tick"
                    >
                      <text
                        class="recharts-text recharts-cartesian-axis-tick-value"
                        fill="#666"
                        height="30"
                        orientation="bottom"
                        stroke="none"
                        text-anchor="middle"
                        width="760"
                        x="771.1111111111111"
                        y="485"
                      >
                        <tspan
                          dy="0.71em"
                          x="771.1111111111111"
                        >
                          700K
                        </tspan>
                      </text>
                    </g>
                    <g
                      class="recharts-layer recharts-cartesian-axis-tick"
                    >
                      <text
                        class="recharts-text recharts-cartesian-axis-tick-value"
                        fill="#666"
                        height="30"
                        orientation="bottom"
                        stroke="none"
                        text-anchor="middle"
                        width="760"
                        x="855.5555555555555"
                        y="485"
                      >
                        <tspan
                          dy="0.71em"
                          x="855.5555555555555"
                        >
                          800K
                        </tspan>
                      </text>
                    </g>
                    <g
                      class="recharts-layer recharts-cartesian-axis-tick"
                    >
                      <text
                        class="recharts-text recharts-cartesian-axis-tick-value"
                        fill="#666"
                        height="30"
                        orientation="bottom"
                        stroke="none"
                        text-anchor="middle"
                        width="760"
                        x="940"
                        y="485"
                      >
                        <tspan
                          dy="0.71em"
                          x="940"
                        >
                          900K
                        </tspan>
                      </text>
                    </g>
                  </g>
                </g>
                <g
                  class="recharts-layer recharts-bar"
                >
                  <g
                    class="recharts-layer recharts-bar-rectangles"
                  >
                    <g
                      class="recharts-layer"
                    >
                      <g
                        class="recharts-layer recharts-bar-rectangle"
                      />
                      <g
                        class="recharts-layer recharts-bar-rectangle"
                      />
                      <g
                        class="recharts-layer recharts-bar-rectangle"
                      />
                      <g
                        class="recharts-layer recharts-bar-rectangle"
                      />
                      <g
                        class="recharts-layer recharts-bar-rectangle"
                      />
                      <g
                        class="recharts-layer recharts-bar-rectangle"
                      />
                      <g
                        class="recharts-layer recharts-bar-rectangle"
                      />
                      <g
                        class="recharts-layer recharts-bar-rectangle"
                      />
                      <g
                        class="recharts-layer recharts-bar-rectangle"
                      />
                      <g
                        class="recharts-layer recharts-bar-rectangle"
                      />
                    </g>
                  </g>
                </g>
                <g
                  class="recharts-layer recharts-cartesian-axis recharts-yAxis yAxis"
                >
                  <g
                    class="recharts-cartesian-axis-ticks"
                  >
                    <g
                      class="recharts-layer recharts-cartesian-axis-tick"
                    >
                      <g>
                        <foreignobject
                          height="20"
                          style="overflow: visible;"
                          width="160"
                          y="17.5"
                        >
                          <div
                            class="emotion-2"
                          >
                            Orfium
                          </div>
                        </foreignobject>
                      </g>
                    </g>
                    <g
                      class="recharts-layer recharts-cartesian-axis-tick"
                    >
                      <g>
                        <foreignobject
                          height="20"
                          style="overflow: visible;"
                          width="160"
                          y="62.5"
                        >
                          <div
                            class="emotion-2"
                          >
                            UMG
                          </div>
                        </foreignobject>
                      </g>
                    </g>
                    <g
                      class="recharts-layer recharts-cartesian-axis-tick"
                    >
                      <g>
                        <foreignobject
                          height="20"
                          style="overflow: visible;"
                          width="160"
                          y="107.5"
                        >
                          <div
                            class="emotion-2"
                          >
                            Saregama Publishing
                          </div>
                        </foreignobject>
                      </g>
                    </g>
                    <g
                      class="recharts-layer recharts-cartesian-axis-tick"
                    >
                      <g>
                        <foreignobject
                          height="20"
                          style="overflow: visible;"
                          width="160"
                          y="152.5"
                        >
                          <div
                            class="emotion-2"
                          >
                            PT. Mahar Pustaka Nusantara
                          </div>
                        </foreignobject>
                      </g>
                    </g>
                    <g
                      class="recharts-layer recharts-cartesian-axis-tick"
                    >
                      <g>
                        <foreignobject
                          height="20"
                          style="overflow: visible;"
                          width="160"
                          y="197.5"
                        >
                          <div
                            class="emotion-2"
                          >
                            AdRev (3d party)
                          </div>
                        </foreignobject>
                      </g>
                    </g>
                    <g
                      class="recharts-layer recharts-cartesian-axis-tick"
                    >
                      <g>
                        <foreignobject
                          height="20"
                          style="overflow: visible;"
                          width="160"
                          y="242.5"
                        >
                          <div
                            class="emotion-2"
                          >
                            Rock Mobile Corp.
                          </div>
                        </foreignobject>
                      </g>
                    </g>
                    <g
                      class="recharts-layer recharts-cartesian-axis-tick"
                    >
                      <g>
                        <foreignobject
                          height="20"
                          style="overflow: visible;"
                          width="160"
                          y="287.5"
                        >
                          <div
                            class="emotion-2"
                          >
                            PT HARMONI DWISELARAS PUBLISHERINDO
                          </div>
                        </foreignobject>
                      </g>
                    </g>
                    <g
                      class="recharts-layer recharts-cartesian-axis-tick"
                    >
                      <g>
                        <foreignobject
                          height="20"
                          style="overflow: visible;"
                          width="160"
                          y="332.5"
                        >
                          <div
                            class="emotion-2"
                          >
                            Karya Anak Haki
                          </div>
                        </foreignobject>
                      </g>
                    </g>
                    <g
                      class="recharts-layer recharts-cartesian-axis-tick"
                    >
                      <g>
                        <foreignobject
                          height="20"
                          style="overflow: visible;"
                          width="160"
                          y="377.5"
                        >
                          <div
                            class="emotion-2"
                          >
                            Adshare (3d party)
                          </div>
                        </foreignobject>
                      </g>
                    </g>
                    <g
                      class="recharts-layer recharts-cartesian-axis-tick"
                    >
                      <g>
                        <foreignobject
                          height="20"
                          style="overflow: visible;"
                          width="160"
                          y="422.5"
                        >
                          <div
                            class="emotion-11"
                          >
                            Other
                          </div>
                        </foreignobject>
                      </g>
                    </g>
                  </g>
                </g>
              </svg>
              <div
                class="recharts-tooltip-wrapper"
                role="dialog"
                style="pointer-events: none; visibility: hidden; position: absolute; top: 0px; left: 0px;"
                tabindex="-1"
              />
            </div>
          </div>
        </div>
      </span>
    </span>
  </body>
</html>
`;

exports[`Design System/Chart DonutChart smoke-test 1`] = `
.emotion-0 {
  -webkit-flex-direction: column;
  -ms-flex-direction: column;
  flex-direction: column;
  -webkit-flex: 1;
  -ms-flex: 1;
  flex: 1;
  position: relative;
  padding: 0.25rem;
}

.emotion-1 {
  margin: 1rem;
}

.emotion-2 {
  display: -webkit-box;
  display: -webkit-flex;
  display: -ms-flexbox;
  display: flex;
  width: 100%;
  -webkit-box-pack: center;
  -ms-flex-pack: center;
  -webkit-justify-content: center;
  justify-content: center;
}

.emotion-3 {
  width: 80%;
  font-size: 0.75rem;
  color: #5f6c85;
  text-align: center;
}

<html>
  <head />
  <body>
    <span
      class="emotion-0"
    >
      <span
        class="emotion-1"
      >
        <div
          style="width: 200px; height: 200px;"
        >
          <div
            class="recharts-responsive-container"
            height="200"
            style="width: 100%; height: 100%; min-width: 0px;"
            width="200"
          >
            <div
              class="recharts-wrapper"
              role="region"
              style="position: relative; cursor: default; width: 200px; height: 200px;"
            >
              <svg
                class="recharts-surface"
                cx="50%"
                cy="50%"
                height="200"
                viewBox="0 0 200 200"
                width="200"
              >
                <title />
                <desc />
                <defs>
                  <clippath
                    id="recharts14-clip"
                  >
                    <rect
                      height="190"
                      width="190"
                      x="5"
                      y="5"
                    />
                  </clippath>
                </defs>
                <g
                  class="recharts-layer recharts-pie"
                  tabindex="0"
                >
                  <g
                    class="recharts-layer"
                  >
                    <g
                      class="recharts-layer recharts-pie-sector"
                      tabindex="-1"
                    />
                    <g
                      class="recharts-layer recharts-pie-sector"
                      tabindex="-1"
                    />
                  </g>
                  <g>
                    <text
                      class="recharts-text recharts-label"
                      dominant-baseline="central"
                      text-anchor="middle"
                      x="100"
                      y="100"
                    >
                      <tspan
                        alignment-baseline="middle"
                        dy="-7"
                        fill="black"
                        font-size="1rem"
                        x="50%"
                      >
                        value
                      </tspan>
                    </text>
                    <foreignobject
                      height="40"
                      width="100%"
                      y="52%"
                    >
                      <div
                        class="emotion-2"
                      >
                        <div
                          class="emotion-3"
                        >
                          units
                        </div>
                      </div>
                    </foreignobject>
                  </g>
                </g>
              </svg>
            </div>
          </div>
        </div>
      </span>
    </span>
  </body>
</html>
`;

exports[`Design System/Chart LineChartStory smoke-test 1`] = `
.emotion-0 {
  -webkit-flex-direction: column;
  -ms-flex-direction: column;
  flex-direction: column;
  -webkit-flex: 1;
  -ms-flex: 1;
  flex: 1;
  position: relative;
  padding: 0.25rem;
}

.emotion-1 {
  margin: 1rem;
}

.emotion-2 {
  font-size: 0.875rem;
  padding: 0.5rem;
  color: white;
  background: #191927;
  opacity: 90%;
  border-radius: 0.25rem;
  min-width: 12.5rem;
  white-space: nowrap;
}

.emotion-3 {
  padding: 0;
  margin: 0;
}

<html>
  <head />
  <body>
    <span
      class="emotion-0"
    >
      <span
        class="emotion-1"
      >
        <div
          class="recharts-responsive-container"
          height="13.328125"
          style="width: 100%; height: 100%; min-width: 0px;"
          width="20"
        >
          <div
            class="recharts-wrapper"
            role="region"
            style="position: relative; cursor: default; width: 20px; height: 13.3333px;"
          >
            <svg
              class="recharts-surface"
              height="13.333333333333334"
              viewBox="0 0 20 13.333333333333334"
              width="20"
            >
              <title />
              <desc />
              <defs>
                <clippath
                  id="recharts1-clip"
                >
                  <rect
                    height="-210.48697916666666"
                    width="-80"
                    x="80"
                    y="10"
                  />
                </clippath>
              </defs>
              <defs>
                <lineargradient
                  id="colorhidden"
                  x1="0"
                  x2="0"
                  y1="0"
                  y2="1"
                >
                  <stop
                    offset="5%"
                    stop-color="#00008B"
                    stop-opacity="0.4"
                  />
                  <stop
                    offset="95%"
                    stop-color="#00008B"
                    stop-opacity="0"
                  />
                </lineargradient>
                <lineargradient
                  id="colorclaimed"
                  x1="0"
                  x2="0"
                  y1="0"
                  y2="1"
                >
                  <stop
                    offset="5%"
                    stop-color="#FFA500"
                    stop-opacity="0.4"
                  />
                  <stop
                    offset="95%"
                    stop-color="#FFA500"
                    stop-opacity="0"
                  />
                </lineargradient>
                <lineargradient
                  id="coloramt"
                  x1="0"
                  x2="0"
                  y1="0"
                  y2="1"
                >
                  <stop
                    offset="5%"
                    stop-color="#FF0000"
                    stop-opacity="0.4"
                  />
                  <stop
                    offset="95%"
                    stop-color="#FF0000"
                    stop-opacity="0"
                  />
                </lineargradient>
              </defs>
              <g
                class="recharts-layer recharts-area"
              >
                <g
                  class="recharts-layer"
                >
                  <defs>
                    <clippath
                      id="animationClipPath-recharts-area-5"
                    >
                      <rect
                        height="-29"
                        width="0"
                        x="80"
                        y="0"
                      />
                    </clippath>
                  </defs>
                  <g
                    class="recharts-layer"
                    clip-path="url(#animationClipPath-recharts-area-5)"
                  >
                    <g
                      class="recharts-layer"
                    >
                      <path
                        class="recharts-curve recharts-area-area"
                        d="M80,-38.574L66.667,-103.339L53.333,-136.531L40,-65.29L26.667,-55.575L13.333,-151.103L0,-29.669L0,-200.487L13.333,-200.487L26.667,-200.487L40,-200.487L53.333,-200.487L66.667,-200.487L80,-200.487Z"
                        fill="url(#colorhidden)"
                        fill-opacity="1"
                        height="-210.48697916666666"
                        stroke="none"
                        width="-80"
                      />
                      <path
                        class="recharts-curve recharts-area-curve"
                        d="M80,-38.574L66.667,-103.339L53.333,-136.531L40,-65.29L26.667,-55.575L13.333,-151.103L0,-29.669"
                        fill="none"
                        fill-opacity="1"
                        height="-210.48697916666666"
                        stroke="#00008B"
                        width="-80"
                      />
                    </g>
                  </g>
                </g>
              </g>
              <g
                class="recharts-layer recharts-area"
              >
                <g
                  class="recharts-layer"
                >
                  <defs>
                    <clippath
                      id="animationClipPath-recharts-area-6"
                    >
                      <rect
                        height="-164"
                        width="0"
                        x="80"
                        y="0"
                      />
                    </clippath>
                  </defs>
                  <g
                    class="recharts-layer"
                    clip-path="url(#animationClipPath-recharts-area-6)"
                  >
                    <g
                      class="recharts-layer"
                    >
                      <path
                        class="recharts-curve recharts-area-area"
                        d="M80,-168.104L66.667,-184.296L53.333,-169.723L40,-182.677L26.667,-173.771L13.333,-196.439L0,-164.057L0,-200.487L13.333,-200.487L26.667,-200.487L40,-200.487L53.333,-200.487L66.667,-200.487L80,-200.487Z"
                        fill="url(#colorclaimed)"
                        fill-opacity="1"
                        height="-210.48697916666666"
                        stroke="none"
                        width="-80"
                      />
                      <path
                        class="recharts-curve recharts-area-curve"
                        d="M80,-168.104L66.667,-184.296L53.333,-169.723L40,-182.677L26.667,-173.771L13.333,-196.439L0,-164.057"
                        fill="none"
                        fill-opacity="1"
                        height="-210.48697916666666"
                        stroke="#FFA500"
                        width="-80"
                      />
                    </g>
                  </g>
                </g>
              </g>
              <g
                class="recharts-layer recharts-area"
              >
                <g
                  class="recharts-layer"
                >
                  <defs>
                    <clippath
                      id="animationClipPath-recharts-area-7"
                    >
                      <rect
                        height="2"
                        width="0"
                        x="80"
                        y="0"
                      />
                    </clippath>
                  </defs>
                  <g
                    class="recharts-layer"
                    clip-path="url(#animationClipPath-recharts-area-7)"
                  >
                    <g
                      class="recharts-layer"
                    >
                      <path
                        class="recharts-curve recharts-area-area"
                        d="M80,-6.191L66.667,-30.478L66.667,-200.487L80,-200.487ZM40,-168.104L26.667,-134.912L13.333,1.904L0,-119.53L0,-200.487L13.333,-200.487L26.667,-200.487L40,-200.487Z"
                        fill="url(#coloramt)"
                        fill-opacity="1"
                        height="-210.48697916666666"
                        stroke="none"
                        width="-80"
                      />
                      <path
                        class="recharts-curve recharts-area-curve"
                        d="M80,-6.191L66.667,-30.478M40,-168.104L26.667,-134.912L13.333,1.904L0,-119.53"
                        fill="none"
                        fill-opacity="1"
                        height="-210.48697916666666"
                        stroke="#FF0000"
                        width="-80"
                      />
                    </g>
                  </g>
                </g>
              </g>
            </svg>
            <div
              class="recharts-legend-wrapper"
              style="position: absolute; height: auto; left: 20px; bottom: 50px; padding-top: 3.125rem; padding-left: 0.8125rem;"
            >
              <ul
                class="recharts-default-legend"
                style="padding: 0px; margin: 0px; text-align: left;"
              >
                <li
                  class="recharts-legend-item legend-item-0"
                  style="display: inline-block; margin-right: 10px;"
                >
                  <svg
                    class="recharts-surface"
                    height="16"
                    style="display: inline-block; vertical-align: middle; margin-right: 4px;"
                    viewBox="0 0 32 32"
                    width="16"
                  >
                    <title />
                    <desc />
                    <path
                      class="recharts-symbols"
                      cx="16"
                      cy="16"
                      d="M16,0A16,16,0,1,1,-16,0A16,16,0,1,1,16,0"
                      fill="#00008B"
                      transform="translate(16, 16)"
                    />
                  </svg>
                  <span
                    class="recharts-legend-item-text"
                    style="color: rgb(0, 0, 139);"
                  >
                    hidden
                  </span>
                </li>
                <li
                  class="recharts-legend-item legend-item-1"
                  style="display: inline-block; margin-right: 10px;"
                >
                  <svg
                    class="recharts-surface"
                    height="16"
                    style="display: inline-block; vertical-align: middle; margin-right: 4px;"
                    viewBox="0 0 32 32"
                    width="16"
                  >
                    <title />
                    <desc />
                    <path
                      class="recharts-symbols"
                      cx="16"
                      cy="16"
                      d="M16,0A16,16,0,1,1,-16,0A16,16,0,1,1,16,0"
                      fill="#FFA500"
                      transform="translate(16, 16)"
                    />
                  </svg>
                  <span
                    class="recharts-legend-item-text"
                    style="color: rgb(255, 165, 0);"
                  >
                    claimed
                  </span>
                </li>
                <li
                  class="recharts-legend-item legend-item-2"
                  style="display: inline-block; margin-right: 10px;"
                >
                  <svg
                    class="recharts-surface"
                    height="16"
                    style="display: inline-block; vertical-align: middle; margin-right: 4px;"
                    viewBox="0 0 32 32"
                    width="16"
                  >
                    <title />
                    <desc />
                    <path
                      class="recharts-symbols"
                      cx="16"
                      cy="16"
                      d="M16,0A16,16,0,1,1,-16,0A16,16,0,1,1,16,0"
                      fill="#FF0000"
                      transform="translate(16, 16)"
                    />
                  </svg>
                  <span
                    class="recharts-legend-item-text"
                    style="color: rgb(255, 0, 0);"
                  >
                    amt
                  </span>
                </li>
              </ul>
            </div>
            <div
              class="recharts-tooltip-wrapper recharts-tooltip-wrapper-right recharts-tooltip-wrapper-bottom"
              role="dialog"
              style="pointer-events: none; visibility: hidden; position: absolute; top: 0px; left: 0px; transform: translate(80px, 10px);"
              tabindex="-1"
            >
              <div
                class="custom-tooltip emotion-2"
              >
                <p
                  class="label"
                  style="margin: 0px;"
                >
                  undefined 
                </p>
                <ul
                  class="emotion-3"
                />
              </div>
            </div>
          </div>
        </div>
      </span>
    </span>
  </body>
</html>
`;
