.emotion-0 {
  width: 100%;
  display: -webkit-box;
  display: -webkit-flex;
  display: -ms-flexbox;
  display: flex;
  -webkit-box-pack: justify;
  -webkit-justify-content: space-between;
  justify-content: space-between;
}

.emotion-1 {
  display: -webkit-box;
  display: -webkit-flex;
  display: -ms-flexbox;
  display: flex;
  gap: 48px;
}

.emotion-2 {
  position: relative;
  width: -webkit-fit-content;
  width: -moz-fit-content;
  width: fit-content;
}

.emotion-3 {
  font-family: Roboto;
  font-weight: 500;
  line-height: 1.25rem;
  font-size: 0.875rem;
  letter-spacing: 0.015625rem;
  display: -webkit-box;
  display: -webkit-flex;
  display: -ms-flexbox;
  display: flex;
  -webkit-align-items: center;
  -webkit-box-align: center;
  -ms-flex-align: center;
  align-items: center;
  -webkit-box-pack: center;
  -ms-flex-pack: center;
  -webkit-justify-content: center;
  justify-content: center;
  color: #ffffff;
  height: auto;
  background-color: #175bf5;
  padding: 0.5rem 1rem;
  border-radius: 0.25rem;
  border: none;
  cursor: pointer;
  -webkit-transition: background-color,border 150ms linear;
  transition: background-color,border 150ms linear;
}

.emotion-3:focus-visible:not(:disabled) {
  background-color: #1552DD;
}

.emotion-3:disabled {
  opacity: 50%;
  cursor: not-allowed;
}

.emotion-3:hover:not(:disabled) {
  background-color: #1552DD;
}

.emotion-3:active:not(:disabled) {
  background-color: #1249C4;
}

.emotion-4 {
  display: -webkit-box;
  display: -webkit-flex;
  display: -ms-flexbox;
  display: flex;
  -webkit-align-items: center;
  -webkit-box-align: center;
  -ms-flex-align: center;
  align-items: center;
  -webkit-box-pack: center;
  -ms-flex-pack: center;
  -webkit-justify-content: center;
  justify-content: center;
  gap: 0.5rem;
}

<div>
  <div
    class="emotion-0"
  >
    <div
      class="emotion-1"
    >
      <div
        class="emotion-2"
      >
        <button
          class="emotion-3"
          data-testid="button"
          type="button"
        >
          <span
            class="emotion-4"
          >
            <span>
              Visualization example
            </span>
          </span>
        </button>
      </div>
      <div
        class="emotion-2"
      >
        <button
          class="emotion-3"
          data-testid="button"
          type="button"
        >
          <span
            class="emotion-4"
          >
            <span>
              Second level drawer with back button
            </span>
          </span>
        </button>
      </div>
    </div>
  </div>
</div>